Archive member included because of file (symbol)

c:/program files (x86)/microchip/xc32/v1.21/bin/../lib/gcc/pic32mx/4.5.2/../../../../pic32mx/lib\libmchp_peripheral_32MX460F512L.a(pcache.o)
                              build/C32_PIC32MX460F512L/production/MainDemo.o (CheKseg0CacheOn)
c:/program files (x86)/microchip/xc32/v1.21/bin/../lib/gcc/pic32mx/4.5.2/../../../../pic32mx/lib\libmchp_peripheral_32MX460F512L.a(int_disable_interrupts_lib.o)
                              build/C32_PIC32MX460F512L/production/MainDemo.o (INTDisableInterrupts)
c:/program files (x86)/microchip/xc32/v1.21/bin/../lib/gcc/pic32mx/4.5.2/../../../../pic32mx/lib\libmchp_peripheral_32MX460F512L.a(int_restore_interrupts_lib.o)
                              build/C32_PIC32MX460F512L/production/MainDemo.o (INTRestoreInterrupts)
c:/program files (x86)/microchip/xc32/v1.21/bin/../lib/gcc/pic32mx/4.5.2/../../../../pic32mx/lib\libmchp_peripheral_32MX460F512L.a(int_enable_mv_int_lib.o)
                              build/C32_PIC32MX460F512L/production/MainDemo.o (INTEnableSystemMultiVectoredInt)
c:/program files (x86)/microchip/xc32/v1.21/bin/../lib/gcc/pic32mx/4.5.2/../../../../pic32mx/lib\libmchp_peripheral_32MX460F512L.a(rtcc_init_lib.o)
                              build/C32_PIC32MX460F512L/production/rtcc.o (RtccInit)
c:/program files (x86)/microchip/xc32/v1.21/bin/../lib/gcc/pic32mx/4.5.2/../../../../pic32mx/lib\libmchp_peripheral_32MX460F512L.a(rtcc_set_date_lib.o)
                              build/C32_PIC32MX460F512L/production/rtcc.o (RtccSetDate)
c:/program files (x86)/microchip/xc32/v1.21/bin/../lib/gcc/pic32mx/4.5.2/../../../../pic32mx/lib\libmchp_peripheral_32MX460F512L.a(rtcc_set_time_lib.o)
                              build/C32_PIC32MX460F512L/production/rtcc.o (RtccSetTime)
c:/program files (x86)/microchip/xc32/v1.21/bin/../lib/gcc/pic32mx/4.5.2/../../../../pic32mx/lib\libmchp_peripheral_32MX460F512L.a(int_enable_interrupts_lib.o)
                              c:/program files (x86)/microchip/xc32/v1.21/bin/../lib/gcc/pic32mx/4.5.2/../../../../pic32mx/lib\libmchp_peripheral_32MX460F512L.a(int_enable_mv_int_lib.o) (INTEnableInterrupts)
c:/program files (x86)/microchip/xc32/v1.21/bin/../lib/gcc/pic32mx/4.5.2/../../../../pic32mx/lib\libmchp_peripheral_32MX460F512L.a(int_tbl_lib.o)
                              c:/program files (x86)/microchip/xc32/v1.21/bin/../lib/gcc/pic32mx/4.5.2/../../../../pic32mx/lib\libmchp_peripheral_32MX460F512L.a(rtcc_init_lib.o) (INTClearFlag)
c:/program files (x86)/microchip/xc32/v1.21/bin/../lib/gcc/pic32mx/4.5.2/../../../../pic32mx/lib\libmchp_peripheral_32MX460F512L.a(_rtcc_set_time_and_date_lib.o)
                              c:/program files (x86)/microchip/xc32/v1.21/bin/../lib/gcc/pic32mx/4.5.2/../../../../pic32mx/lib\libmchp_peripheral_32MX460F512L.a(rtcc_set_date_lib.o) (_RtccSetTimeAndDate)
c:/program files (x86)/microchip/xc32/v1.21/bin/../lib/gcc/pic32mx/4.5.2/../../../../pic32mx/lib\libmchp_peripheral_32MX460F512L.a(_rtcc_wait_clock_off_lib.o)
                              c:/program files (x86)/microchip/xc32/v1.21/bin/../lib/gcc/pic32mx/4.5.2/../../../../pic32mx/lib\libmchp_peripheral_32MX460F512L.a(rtcc_init_lib.o) (_RtccWaitClockOff)
c:/program files (x86)/microchip/xc32/v1.21/bin/../lib/gcc/pic32mx/4.5.2/../../../../pic32mx/lib\libmchp_peripheral_32MX460F512L.a(read_core_timer_lib.o)
                              c:/program files (x86)/microchip/xc32/v1.21/bin/../lib/gcc/pic32mx/4.5.2/../../../../pic32mx/lib\libmchp_peripheral_32MX460F512L.a(_rtcc_wait_clock_off_lib.o) (ReadCoreTimer)
c:/program files (x86)/microchip/xc32/v1.21/bin/../lib/gcc/pic32mx/4.5.2/../../../../pic32mx/lib\libpic32.a(memcpy.o)
                              build/C32_PIC32MX460F512L/production/graphics/GOL.o (memcpy)
c:/program files (x86)/microchip/xc32/v1.21/bin/../lib/gcc/pic32mx/4.5.2/../../../../pic32mx/lib\libpic32.a(default-bootstrap-exception-handler.o)
                              c:/program files (x86)/microchip/xc32/v1.21/bin/../lib/gcc/pic32mx/4.5.2/../../../../pic32mx/lib/crt0.o (_bootstrap_exception_handler)
c:/program files (x86)/microchip/xc32/v1.21/bin/../lib/gcc/pic32mx/4.5.2/../../../../pic32mx/lib\libpic32.a(default-on-reset.o)
                              c:/program files (x86)/microchip/xc32/v1.21/bin/../lib/gcc/pic32mx/4.5.2/../../../../pic32mx/lib/crt0.o (_on_reset)
c:/program files (x86)/microchip/xc32/v1.21/bin/../lib/gcc/pic32mx/4.5.2/../../../../pic32mx/lib\libpic32.a(default-on-bootstrap.o)
                              c:/program files (x86)/microchip/xc32/v1.21/bin/../lib/gcc/pic32mx/4.5.2/../../../../pic32mx/lib/crt0.o (_on_bootstrap)
c:/program files (x86)/microchip/xc32/v1.21/bin/../lib/gcc/pic32mx/4.5.2/../../../../pic32mx/lib\libpic32.a(default-nmi-handler.o)
                              c:/program files (x86)/microchip/xc32/v1.21/bin/../lib/gcc/pic32mx/4.5.2/../../../../pic32mx/lib/crt0.o (_nmi_handler)
[...]
Memory Configuration

Name             Origin             Length             Attributes
kseg0_program_mem 0x9d000000         0x00080000         xr
kseg0_boot_mem   0x9fc00490         0x00000970
exception_mem    0x9fc01000         0x00001000
kseg1_boot_mem   0xbfc00000         0x00000490
debug_exec_mem   0xbfc02000         0x00000ff0
config3          0xbfc02ff0         0x00000004
config2          0xbfc02ff4         0x00000004
config1          0xbfc02ff8         0x00000004
config0          0xbfc02ffc         0x00000004
kseg1_data_mem   0xa0000000         0x00008000         w !x
sfrs             0xbf800000         0x00100000
configsfrs       0xbfc02ff0         0x00000010
*default*        0x00000000         0xffffffff

Linker script and memory map

LOAD c:/program files (x86)/microchip/xc32/v1.21/bin/../lib/gcc/pic32mx/4.5.2/../../../../pic32mx/lib/crt0.o
LOAD build/C32_PIC32MX460F512L/production/graphics/drivers/ILI9341.o
LOAD build/C32_PIC32MX460F512L/production/graphics/AnalogClock.o
LOAD build/C32_PIC32MX460F512L/production/graphics/Button.o
LOAD build/C32_PIC32MX460F512L/production/graphics/Chart.o
LOAD build/C32_PIC32MX460F512L/production/graphics/CheckBox.o
LOAD build/C32_PIC32MX460F512L/production/graphics/DigitalMeter.o
LOAD build/C32_PIC32MX460F512L/production/graphics/EditBox.o
LOAD build/C32_PIC32MX460F512L/production/graphics/GOL.o
LOAD build/C32_PIC32MX460F512L/production/graphics/GOLSchemeDefault.o
LOAD build/C32_PIC32MX460F512L/production/graphics/Grid.o
LOAD build/C32_PIC32MX460F512L/production/graphics/GroupBox.o
LOAD build/C32_PIC32MX460F512L/production/graphics/ListBox.o
LOAD build/C32_PIC32MX460F512L/production/graphics/Meter.o
LOAD build/C32_PIC32MX460F512L/production/graphics/Palette.o
LOAD build/C32_PIC32MX460F512L/production/graphics/Picture.o
LOAD build/C32_PIC32MX460F512L/production/graphics/Primitive.o
LOAD build/C32_PIC32MX460F512L/production/graphics/ProgressBar.o
LOAD build/C32_PIC32MX460F512L/production/graphics/RadioButton.o
LOAD build/C32_PIC32MX460F512L/production/graphics/RoundDial.o
LOAD build/C32_PIC32MX460F512L/production/graphics/Slider.o
LOAD build/C32_PIC32MX460F512L/production/graphics/StaticText.o
LOAD build/C32_PIC32MX460F512L/production/graphics/Template.o
LOAD build/C32_PIC32MX460F512L/production/graphics/TextEntry.o
LOAD build/C32_PIC32MX460F512L/production/graphics/Transitions.o
LOAD build/C32_PIC32MX460F512L/production/graphics/Transitions_weak.o
LOAD build/C32_PIC32MX460F512L/production/graphics/Window.o
LOAD build/C32_PIC32MX460F512L/production/configuration_bits.o
LOAD build/C32_PIC32MX460F512L/production/exceptions.o
LOAD build/C32_PIC32MX460F512L/production/interrupts.o
LOAD build/C32_PIC32MX460F512L/production/system.o
LOAD build/C32_PIC32MX460F512L/production/user.o
LOAD build/C32_PIC32MX460F512L/production/TimeDelay.o
LOAD build/C32_PIC32MX460F512L/production/Beep.o
LOAD build/C32_PIC32MX460F512L/production/CustomControlDemo.o
LOAD build/C32_PIC32MX460F512L/production/TouchScreen.o
LOAD build/C32_PIC32MX460F512L/production/drv_spi.o
LOAD build/C32_PIC32MX460F512L/production/rtcc.o
LOAD build/C32_PIC32MX460F512L/production/InternalResourceXC32.o
LOAD build/C32_PIC32MX460F512L/production/cpld.o
LOAD build/C32_PIC32MX460F512L/production/TouchScreenResistive.o
LOAD build/C32_PIC32MX460F512L/production/MainDemo.o
LOAD build/C32_PIC32MX460F512L/production/SST25VF016.o
                0x00000001                __MPLAB_BUILD = 0x1
                0x000007d0                _min_heap_size = 0x7d0
                0x00000400                _min_stack_size = 0x400
LOAD c:/program files (x86)/microchip/xc32/v1.21/bin/../lib/gcc/pic32mx/4.5.2/../../../../pic32mx/lib/./proc/32MX460F512L\default_isr_vectors.o
                0x00000400                PROVIDE (_min_stack_size, 0x400)
LOAD c:/program files (x86)/microchip/xc32/v1.21/bin/../lib/gcc/pic32mx/4.5.2/../../../../pic32mx/lib/./proc/32MX460F512L\processor.o
START GROUP
LOAD c:/program files (x86)/microchip/xc32/v1.21/bin/../lib/gcc/pic32mx/4.5.2/../../../../pic32mx/lib\libmchp_peripheral.a
END GROUP
START GROUP
LOAD c:/program files (x86)/microchip/xc32/v1.21/bin/../lib/gcc/pic32mx/4.5.2/../../../../pic32mx/lib\libmchp_peripheral_32MX460F512L.a
END GROUP
                0x00000001                PROVIDE (_vector_spacing, 0x1)
                0x9fc01000                _ebase_address = 0x9fc01000
                0xbfc00000                _RESET_ADDR = 0xbfc00000
                0xbfc00380                _BEV_EXCPT_ADDR = 0xbfc00380
                0xbfc00480                _DBG_EXCPT_ADDR = 0xbfc00480
                0xbfc02000                _DBG_CODE_ADDR = 0xbfc02000
                0x00000ff0                _DBG_CODE_SIZE = 0xff0
                0x9fc01180                _GEN_EXCPT_ADDR = (_ebase_address + 0x180)

.config_BFC02FF0
 *(.config_BFC02FF0)

.config_BFC02FF4
                0xbfc02ff4        0x4
 *(.config_BFC02FF4)
 .config_BFC02FF4
                0xbfc02ff4        0x4 build/C32_PIC32MX460F512L/production/configuration_bits.o

.config_BFC02FF8
                0xbfc02ff8        0x4
 *(.config_BFC02FF8)
 .config_BFC02FF8
                0xbfc02ff8        0x4 build/C32_PIC32MX460F512L/production/configuration_bits.o

.config_BFC02FFC
                0xbfc02ffc        0x4
 *(.config_BFC02FFC)
 .config_BFC02FFC
                0xbfc02ffc        0x4 build/C32_PIC32MX460F512L/production/configuration_bits.o
                0xbfc02000                PROVIDE (_DBG_CODE_ADDR, 0xbfc02000)
                0x00000ff0                PROVIDE (_DBG_CODE_SIZE, 0xff0)

.reset          0xbfc00000      0x1f4
 *(.reset)
 .reset         0xbfc00000       0x10 c:/program files (x86)/microchip/xc32/v1.21/bin/../lib/gcc/pic32mx/4.5.2/../../../../pic32mx/lib/crt0.o
                0xbfc00000                _reset
 *(.reset.startup)
 .reset.startup
                0xbfc00010      0x1e4 c:/program files (x86)/microchip/xc32/v1.21/bin/../lib/gcc/pic32mx/4.5.2/../../../../pic32mx/lib/crt0.o

.bev_excpt      0xbfc00380       0x10
 *(.bev_handler)
 .bev_handler   0xbfc00380       0x10 c:/program files (x86)/microchip/xc32/v1.21/bin/../lib/gcc/pic32mx/4.5.2/../../../../pic32mx/lib/crt0.o

.dbg_excpt      0xbfc00480        0x0
                0xbfc00480                . = (. + DEFINED (_DEBUGGER)?0x8:0x0)

.dbg_code       0xbfc02000        0x0
                0xbfc02000                . = (. + DEFINED (_DEBUGGER)?_DBG_CODE_SIZE:0x0)

.app_excpt      0x9fc01180       0x10
 *(.gen_handler)
 .gen_handler   0x9fc01180       0x10 c:/program files (x86)/microchip/xc32/v1.21/bin/../lib/gcc/pic32mx/4.5.2/../../../../pic32mx/lib/crt0.o

.vector_0       0x9fc01200        0x8
 *(.vector_0)
 .vector_0      0x9fc01200        0x8 c:/program files (x86)/microchip/xc32/v1.21/bin/../lib/gcc/pic32mx/4.5.2/../../../../pic32mx/lib\libpic32.a(vector0.o)
                0x9fc01200                __vector_dispatch_0
                0x00000001                ASSERT (((_vector_spacing == 0x0) || (SIZEOF (.vector_0) <= (_vector_spacing << 0x5))), function at exception vector 0 too large)

.vector_1       0x9fc01220        0x8
 *(.vector_1)
 .vector_1      0x9fc01220        0x8 c:/program files (x86)/microchip/xc32/v1.21/bin/../lib/gcc/pic32mx/4.5.2/../../../../pic32mx/lib\libpic32.a(vector1.o)
                0x9fc01220                __vector_dispatch_1
                0x00000001                ASSERT (((_vector_spacing == 0x0) || (SIZEOF (.vector_1) <= (_vector_spacing << 0x5))), function at exception vector 1 too large)

.vector_2       0x9fc01240        0x8
 *(.vector_2)
 .vector_2      0x9fc01240        0x8 c:/program files (x86)/microchip/xc32/v1.21/bin/../lib/gcc/pic32mx/4.5.2/../../../../pic32mx/lib\libpic32.a(vector2.o)
                0x9fc01240                __vector_dispatch_2
                0x00000001                ASSERT (((_vector_spacing == 0x0) || (SIZEOF (.vector_2) <= (_vector_spacing << 0x5))), function at exception vector 2 too large)

.vector_3       0x9fc01260        0x8
 *(.vector_3)
 .vector_3      0x9fc01260        0x8 c:/program files (x86)/microchip/xc32/v1.21/bin/../lib/gcc/pic32mx/4.5.2/../../../../pic32mx/lib\libpic32.a(vector3.o)
                0x9fc01260                __vector_dispatch_3
                0x00000001                ASSERT (((_vector_spacing == 0x0) || (SIZEOF (.vector_3) <= (_vector_spacing << 0x5))), function at exception vector 3 too large)

.vector_4       0x9fc01280        0x8
 *(.vector_4)
 .vector_4      0x9fc01280        0x8 c:/program files (x86)/microchip/xc32/v1.21/bin/../lib/gcc/pic32mx/4.5.2/../../../../pic32mx/lib\libpic32.a(vector4.o)
                0x9fc01280                __vector_dispatch_4
                0x00000001                ASSERT (((_vector_spacing == 0x0) || (SIZEOF (.vector_4) <= (_vector_spacing << 0x5))), function at exception vector 4 too large)

.vector_5       0x9fc012a0        0x8
 *(.vector_5)
 .vector_5      0x9fc012a0        0x8 c:/program files (x86)/microchip/xc32/v1.21/bin/../lib/gcc/pic32mx/4.5.2/../../../../pic32mx/lib\libpic32.a(vector5.o)
                0x9fc012a0                __vector_dispatch_5
                0x00000001                ASSERT (((_vector_spacing == 0x0) || (SIZEOF (.vector_5) <= (_vector_spacing << 0x5))), function at exception vector 5 too large)

.vector_6       0x9fc012c0        0x8
 *(.vector_6)
 .vector_6      0x9fc012c0        0x8 c:/program files (x86)/microchip/xc32/v1.21/bin/../lib/gcc/pic32mx/4.5.2/../../../../pic32mx/lib\libpic32.a(vector6.o)
                0x9fc012c0                __vector_dispatch_6
                0x00000001                ASSERT (((_vector_spacing == 0x0) || (SIZEOF (.vector_6) <= (_vector_spacing << 0x5))), function at exception vector 6 too large)

.vector_7       0x9fc012e0        0x8
 *(.vector_7)
 .vector_7      0x9fc012e0        0x8 c:/program files (x86)/microchip/xc32/v1.21/bin/../lib/gcc/pic32mx/4.5.2/../../../../pic32mx/lib\libpic32.a(vector7.o)
                0x9fc012e0                __vector_dispatch_7
                0x00000001                ASSERT (((_vector_spacing == 0x0) || (SIZEOF (.vector_7) <= (_vector_spacing << 0x5))), function at exception vector 7 too large)

.vector_8       0x9fc01300        0x8
 *(.vector_8)
 .vector_8      0x9fc01300        0x8 c:/program files (x86)/microchip/xc32/v1.21/bin/../lib/gcc/pic32mx/4.5.2/../../../../pic32mx/lib\libpic32.a(vector8.o)
                0x9fc01300                __vector_dispatch_8
                0x00000001                ASSERT (((_vector_spacing == 0x0) || (SIZEOF (.vector_8) <= (_vector_spacing << 0x5))), function at exception vector 8 too large)

.vector_9       0x9fc01320        0x8
 *(.vector_9)
 .vector_9      0x9fc01320        0x8 c:/program files (x86)/microchip/xc32/v1.21/bin/../lib/gcc/pic32mx/4.5.2/../../../../pic32mx/lib\libpic32.a(vector9.o)
                0x9fc01320                __vector_dispatch_9
                0x00000001                ASSERT (((_vector_spacing == 0x0) || (SIZEOF (.vector_9) <= (_vector_spacing << 0x5))), function at exception vector 9 too large)

.vector_10      0x9fc01340        0x8
 *(.vector_10)
 .vector_10     0x9fc01340        0x8 c:/program files (x86)/microchip/xc32/v1.21/bin/../lib/gcc/pic32mx/4.5.2/../../../../pic32mx/lib\libpic32.a(vector10.o)
                0x9fc01340                __vector_dispatch_10
                0x00000001                ASSERT (((_vector_spacing == 0x0) || (SIZEOF (.vector_10) <= (_vector_spacing << 0x5))), function at exception vector 10 too large)

.vector_11      0x9fc01360        0x8
 *(.vector_11)
 .vector_11     0x9fc01360        0x8 c:/program files (x86)/microchip/xc32/v1.21/bin/../lib/gcc/pic32mx/4.5.2/../../../../pic32mx/lib\libpic32.a(vector11.o)
                0x9fc01360                __vector_dispatch_11
                0x00000001                ASSERT (((_vector_spacing == 0x0) || (SIZEOF (.vector_11) <= (_vector_spacing << 0x5))), function at exception vector 11 too large)

.vector_12      0x9fc01380        0x8
 *(.vector_12)
 .vector_12     0x9fc01380        0x8 c:/program files (x86)/microchip/xc32/v1.21/bin/../lib/gcc/pic32mx/4.5.2/../../../../pic32mx/lib\libpic32.a(vector12.o)
                0x9fc01380                __vector_dispatch_12
                0x00000001                ASSERT (((_vector_spacing == 0x0) || (SIZEOF (.vector_12) <= (_vector_spacing << 0x5))), function at exception vector 12 too large)

.vector_13      0x9fc013a0        0x8
 *(.vector_13)
 .vector_13     0x9fc013a0        0x8 c:/program files (x86)/microchip/xc32/v1.21/bin/../lib/gcc/pic32mx/4.5.2/../../../../pic32mx/lib\libpic32.a(vector13.o)
                0x9fc013a0                __vector_dispatch_13
                0x00000001                ASSERT (((_vector_spacing == 0x0) || (SIZEOF (.vector_13) <= (_vector_spacing << 0x5))), function at exception vector 13 too large)

.vector_14      0x9fc013c0        0x8
 *(.vector_14)
 .vector_14     0x9fc013c0        0x8 c:/program files (x86)/microchip/xc32/v1.21/bin/../lib/gcc/pic32mx/4.5.2/../../../../pic32mx/lib\libpic32.a(vector14.o)
                0x9fc013c0                __vector_dispatch_14
                0x00000001                ASSERT (((_vector_spacing == 0x0) || (SIZEOF (.vector_14) <= (_vector_spacing << 0x5))), function at exception vector 14 too large)

.vector_15      0x9fc013e0        0x8
 *(.vector_15)
 .vector_15     0x9fc013e0        0x8 c:/program files (x86)/microchip/xc32/v1.21/bin/../lib/gcc/pic32mx/4.5.2/../../../../pic32mx/lib\libpic32.a(vector15.o)
                0x9fc013e0                __vector_dispatch_15
                0x00000001                ASSERT (((_vector_spacing == 0x0) || (SIZEOF (.vector_15) <= (_vector_spacing << 0x5))), function at exception vector 15 too large)

.vector_16      0x9fc01400        0x8
 *(.vector_16)
 .vector_16     0x9fc01400        0x8 build/C32_PIC32MX460F512L/production/MainDemo.o
                0x9fc01400                __vector_dispatch_16
                0x00000001                ASSERT (((_vector_spacing == 0x0) || (SIZEOF (.vector_16) <= (_vector_spacing << 0x5))), function at exception vector 16 too large)

.vector_17      0x9fc01420        0x8
 *(.vector_17)
 .vector_17     0x9fc01420        0x8 c:/program files (x86)/microchip/xc32/v1.21/bin/../lib/gcc/pic32mx/4.5.2/../../../../pic32mx/lib\libpic32.a(vector17.o)
                0x9fc01420                __vector_dispatch_17
                0x00000001                ASSERT (((_vector_spacing == 0x0) || (SIZEOF (.vector_17) <= (_vector_spacing << 0x5))), function at exception vector 17 too large)

.vector_18      0x9fc01440        0x8
 *(.vector_18)
 .vector_18     0x9fc01440        0x8 c:/program files (x86)/microchip/xc32/v1.21/bin/../lib/gcc/pic32mx/4.5.2/../../../../pic32mx/lib\libpic32.a(vector18.o)
                0x9fc01440                __vector_dispatch_18
                0x00000001                ASSERT (((_vector_spacing == 0x0) || (SIZEOF (.vector_18) <= (_vector_spacing << 0x5))), function at exception vector 18 too large)

.vector_19      0x9fc01460        0x8
 *(.vector_19)
 .vector_19     0x9fc01460        0x8 c:/program files (x86)/microchip/xc32/v1.21/bin/../lib/gcc/pic32mx/4.5.2/../../../../pic32mx/lib\libpic32.a(vector19.o)
                0x9fc01460                __vector_dispatch_19
                0x00000001                ASSERT (((_vector_spacing == 0x0) || (SIZEOF (.vector_19) <= (_vector_spacing << 0x5))), function at exception vector 19 too large)

.vector_20      0x9fc01480        0x8
 *(.vector_20)
 .vector_20     0x9fc01480        0x8 c:/program files (x86)/microchip/xc32/v1.21/bin/../lib/gcc/pic32mx/4.5.2/../../../../pic32mx/lib\libpic32.a(vector20.o)
                0x9fc01480                __vector_dispatch_20
                0x00000001                ASSERT (((_vector_spacing == 0x0) || (SIZEOF (.vector_20) <= (_vector_spacing << 0x5))), function at exception vector 20 too large)

.vector_21      0x9fc014a0        0x8
 *(.vector_21)
 .vector_21     0x9fc014a0        0x8 c:/program files (x86)/microchip/xc32/v1.21/bin/../lib/gcc/pic32mx/4.5.2/../../../../pic32mx/lib\libpic32.a(vector21.o)
                0x9fc014a0                __vector_dispatch_21
                0x00000001                ASSERT (((_vector_spacing == 0x0) || (SIZEOF (.vector_21) <= (_vector_spacing << 0x5))), function at exception vector 21 too large)

.vector_22      0x9fc014c0        0x8
 *(.vector_22)
 .vector_22     0x9fc014c0        0x8 c:/program files (x86)/microchip/xc32/v1.21/bin/../lib/gcc/pic32mx/4.5.2/../../../../pic32mx/lib\libpic32.a(vector22.o)
                0x9fc014c0                __vector_dispatch_22
                0x00000001                ASSERT (((_vector_spacing == 0x0) || (SIZEOF (.vector_22) <= (_vector_spacing << 0x5))), function at exception vector 22 too large)

.vector_23      0x9fc014e0        0x8
 *(.vector_23)
 .vector_23     0x9fc014e0        0x8 c:/program files (x86)/microchip/xc32/v1.21/bin/../lib/gcc/pic32mx/4.5.2/../../../../pic32mx/lib\libpic32.a(vector23.o)
                0x9fc014e0                __vector_dispatch_23
                0x00000001                ASSERT (((_vector_spacing == 0x0) || (SIZEOF (.vector_23) <= (_vector_spacing << 0x5))), function at exception vector 23 too large)

.vector_24      0x9fc01500        0x8
 *(.vector_24)
 .vector_24     0x9fc01500        0x8 c:/program files (x86)/microchip/xc32/v1.21/bin/../lib/gcc/pic32mx/4.5.2/../../../../pic32mx/lib\libpic32.a(vector24.o)
                0x9fc01500                __vector_dispatch_24
                0x00000001                ASSERT (((_vector_spacing == 0x0) || (SIZEOF (.vector_24) <= (_vector_spacing << 0x5))), function at exception vector 24 too large)

.vector_25      0x9fc01520        0x8
 *(.vector_25)
 .vector_25     0x9fc01520        0x8 c:/program files (x86)/microchip/xc32/v1.21/bin/../lib/gcc/pic32mx/4.5.2/../../../../pic32mx/lib\libpic32.a(vector25.o)
                0x9fc01520                __vector_dispatch_25
                0x00000001                ASSERT (((_vector_spacing == 0x0) || (SIZEOF (.vector_25) <= (_vector_spacing << 0x5))), function at exception vector 25 too large)

.vector_26      0x9fc01540        0x8
 *(.vector_26)
 .vector_26     0x9fc01540        0x8 c:/program files (x86)/microchip/xc32/v1.21/bin/../lib/gcc/pic32mx/4.5.2/../../../../pic32mx/lib\libpic32.a(vector26.o)
                0x9fc01540                __vector_dispatch_26
                0x00000001                ASSERT (((_vector_spacing == 0x0) || (SIZEOF (.vector_26) <= (_vector_spacing << 0x5))), function at exception vector 26 too large)

.vector_27      0x9fc01560        0x8
 *(.vector_27)
 .vector_27     0x9fc01560        0x8 c:/program files (x86)/microchip/xc32/v1.21/bin/../lib/gcc/pic32mx/4.5.2/../../../../pic32mx/lib\libpic32.a(vector27.o)
                0x9fc01560                __vector_dispatch_27
                0x00000001                ASSERT (((_vector_spacing == 0x0) || (SIZEOF (.vector_27) <= (_vector_spacing << 0x5))), function at exception vector 27 too large)

.vector_28      0x9fc01580        0x8
 *(.vector_28)
 .vector_28     0x9fc01580        0x8 c:/program files (x86)/microchip/xc32/v1.21/bin/../lib/gcc/pic32mx/4.5.2/../../../../pic32mx/lib\libpic32.a(vector28.o)
                0x9fc01580                __vector_dispatch_28
                0x00000001                ASSERT (((_vector_spacing == 0x0) || (SIZEOF (.vector_28) <= (_vector_spacing << 0x5))), function at exception vector 28 too large)

.vector_29      0x9fc015a0        0x8
 *(.vector_29)
 .vector_29     0x9fc015a0        0x8 c:/program files (x86)/microchip/xc32/v1.21/bin/../lib/gcc/pic32mx/4.5.2/../../../../pic32mx/lib\libpic32.a(vector29.o)
                0x9fc015a0                __vector_dispatch_29
                0x00000001                ASSERT (((_vector_spacing == 0x0) || (SIZEOF (.vector_29) <= (_vector_spacing << 0x5))), function at exception vector 29 too large)

.vector_30      0x9fc015c0        0x8
 *(.vector_30)
 .vector_30     0x9fc015c0        0x8 c:/program files (x86)/microchip/xc32/v1.21/bin/../lib/gcc/pic32mx/4.5.2/../../../../pic32mx/lib\libpic32.a(vector30.o)
                0x9fc015c0                __vector_dispatch_30
                0x00000001                ASSERT (((_vector_spacing == 0x0) || (SIZEOF (.vector_30) <= (_vector_spacing << 0x5))), function at exception vector 30 too large)

.vector_31      0x9fc015e0        0x8
 *(.vector_31)
 .vector_31     0x9fc015e0        0x8 c:/program files (x86)/microchip/xc32/v1.21/bin/../lib/gcc/pic32mx/4.5.2/../../../../pic32mx/lib\libpic32.a(vector31.o)
                0x9fc015e0                __vector_dispatch_31
                0x00000001                ASSERT (((_vector_spacing == 0x0) || (SIZEOF (.vector_31) <= (_vector_spacing << 0x5))), function at exception vector 31 too large)

.vector_32      0x9fc01600        0x8
 *(.vector_32)
 .vector_32     0x9fc01600        0x8 c:/program files (x86)/microchip/xc32/v1.21/bin/../lib/gcc/pic32mx/4.5.2/../../../../pic32mx/lib\libpic32.a(vector32.o)
                0x9fc01600                __vector_dispatch_32
                0x00000001                ASSERT (((_vector_spacing == 0x0) || (SIZEOF (.vector_32) <= (_vector_spacing << 0x5))), function at exception vector 32 too large)

.vector_33      0x9fc01620        0x8
 *(.vector_33)
 .vector_33     0x9fc01620        0x8 c:/program files (x86)/microchip/xc32/v1.21/bin/../lib/gcc/pic32mx/4.5.2/../../../../pic32mx/lib\libpic32.a(vector33.o)
                0x9fc01620                __vector_dispatch_33
                0x00000001                ASSERT (((_vector_spacing == 0x0) || (SIZEOF (.vector_33) <= (_vector_spacing << 0x5))), function at exception vector 33 too large)

.vector_34      0x9fc01640        0x8
 *(.vector_34)
 .vector_34     0x9fc01640        0x8 c:/program files (x86)/microchip/xc32/v1.21/bin/../lib/gcc/pic32mx/4.5.2/../../../../pic32mx/lib\libpic32.a(vector34.o)
                0x9fc01640                __vector_dispatch_34
                0x00000001                ASSERT (((_vector_spacing == 0x0) || (SIZEOF (.vector_34) <= (_vector_spacing << 0x5))), function at exception vector 34 too large)

.vector_35      0x9fc01660        0x8
 *(.vector_35)
 .vector_35     0x9fc01660        0x8 c:/program files (x86)/microchip/xc32/v1.21/bin/../lib/gcc/pic32mx/4.5.2/../../../../pic32mx/lib\libpic32.a(vector35.o)
                0x9fc01660                __vector_dispatch_35
                0x00000001                ASSERT (((_vector_spacing == 0x0) || (SIZEOF (.vector_35) <= (_vector_spacing << 0x5))), function at exception vector 35 too large)

.vector_36      0x9fc01680        0x8
 *(.vector_36)
 .vector_36     0x9fc01680        0x8 c:/program files (x86)/microchip/xc32/v1.21/bin/../lib/gcc/pic32mx/4.5.2/../../../../pic32mx/lib\libpic32.a(vector36.o)
                0x9fc01680                __vector_dispatch_36
                0x00000001                ASSERT (((_vector_spacing == 0x0) || (SIZEOF (.vector_36) <= (_vector_spacing << 0x5))), function at exception vector 36 too large)

.vector_37      0x9fc016a0        0x8
 *(.vector_37)
 .vector_37     0x9fc016a0        0x8 c:/program files (x86)/microchip/xc32/v1.21/bin/../lib/gcc/pic32mx/4.5.2/../../../../pic32mx/lib\libpic32.a(vector37.o)
                0x9fc016a0                __vector_dispatch_37
                0x00000001                ASSERT (((_vector_spacing == 0x0) || (SIZEOF (.vector_37) <= (_vector_spacing << 0x5))), function at exception vector 37 too large)

.vector_38      0x9fc016c0        0x8
 *(.vector_38)
 .vector_38     0x9fc016c0        0x8 c:/program files (x86)/microchip/xc32/v1.21/bin/../lib/gcc/pic32mx/4.5.2/../../../../pic32mx/lib\libpic32.a(vector38.o)
                0x9fc016c0                __vector_dispatch_38
                0x00000001                ASSERT (((_vector_spacing == 0x0) || (SIZEOF (.vector_38) <= (_vector_spacing << 0x5))), function at exception vector 38 too large)

.vector_39      0x9fc016e0        0x8
 *(.vector_39)
 .vector_39     0x9fc016e0        0x8 c:/program files (x86)/microchip/xc32/v1.21/bin/../lib/gcc/pic32mx/4.5.2/../../../../pic32mx/lib\libpic32.a(vector39.o)
                0x9fc016e0                __vector_dispatch_39
                0x00000001                ASSERT (((_vector_spacing == 0x0) || (SIZEOF (.vector_39) <= (_vector_spacing << 0x5))), function at exception vector 39 too large)

.vector_40      0x9fc01700        0x8
 *(.vector_40)
 .vector_40     0x9fc01700        0x8 c:/program files (x86)/microchip/xc32/v1.21/bin/../lib/gcc/pic32mx/4.5.2/../../../../pic32mx/lib\libpic32.a(vector40.o)
                0x9fc01700                __vector_dispatch_40
                0x00000001                ASSERT (((_vector_spacing == 0x0) || (SIZEOF (.vector_40) <= (_vector_spacing << 0x5))), function at exception vector 40 too large)

.vector_41      0x9fc01720        0x8
 *(.vector_41)
 .vector_41     0x9fc01720        0x8 c:/program files (x86)/microchip/xc32/v1.21/bin/../lib/gcc/pic32mx/4.5.2/../../../../pic32mx/lib\libpic32.a(vector41.o)
                0x9fc01720                __vector_dispatch_41
                0x00000001                ASSERT (((_vector_spacing == 0x0) || (SIZEOF (.vector_41) <= (_vector_spacing << 0x5))), function at exception vector 41 too large)

.vector_42      0x9fc01740        0x8
 *(.vector_42)
 .vector_42     0x9fc01740        0x8 c:/program files (x86)/microchip/xc32/v1.21/bin/../lib/gcc/pic32mx/4.5.2/../../../../pic32mx/lib\libpic32.a(vector42.o)
                0x9fc01740                __vector_dispatch_42
                0x00000001                ASSERT (((_vector_spacing == 0x0) || (SIZEOF (.vector_42) <= (_vector_spacing << 0x5))), function at exception vector 42 too large)

.vector_43      0x9fc01760        0x8
 *(.vector_43)
 .vector_43     0x9fc01760        0x8 c:/program files (x86)/microchip/xc32/v1.21/bin/../lib/gcc/pic32mx/4.5.2/../../../../pic32mx/lib\libpic32.a(vector43.o)
                0x9fc01760                __vector_dispatch_43
                0x00000001                ASSERT (((_vector_spacing == 0x0) || (SIZEOF (.vector_43) <= (_vector_spacing << 0x5))), function at exception vector 43 too large)

.vector_44      0x9fc01780        0x8
 *(.vector_44)
 .vector_44     0x9fc01780        0x8 c:/program files (x86)/microchip/xc32/v1.21/bin/../lib/gcc/pic32mx/4.5.2/../../../../pic32mx/lib\libpic32.a(vector44.o)
                0x9fc01780                __vector_dispatch_44
                0x00000001                ASSERT (((_vector_spacing == 0x0) || (SIZEOF (.vector_44) <= (_vector_spacing << 0x5))), function at exception vector 44 too large)

.vector_45      0x9fc017a0        0x8
 *(.vector_45)
 .vector_45     0x9fc017a0        0x8 c:/program files (x86)/microchip/xc32/v1.21/bin/../lib/gcc/pic32mx/4.5.2/../../../../pic32mx/lib\libpic32.a(vector45.o)
                0x9fc017a0                __vector_dispatch_45
                0x00000001                ASSERT (((_vector_spacing == 0x0) || (SIZEOF (.vector_45) <= (_vector_spacing << 0x5))), function at exception vector 45 too large)

.vector_46      0x9fc017c0        0x8
 *(.vector_46)
 .vector_46     0x9fc017c0        0x8 c:/program files (x86)/microchip/xc32/v1.21/bin/../lib/gcc/pic32mx/4.5.2/../../../../pic32mx/lib\libpic32.a(vector46.o)
                0x9fc017c0                __vector_dispatch_46
                0x00000001                ASSERT (((_vector_spacing == 0x0) || (SIZEOF (.vector_46) <= (_vector_spacing << 0x5))), function at exception vector 46 too large)

.vector_47      0x9fc017e0        0x8
 *(.vector_47)
 .vector_47     0x9fc017e0        0x8 c:/program files (x86)/microchip/xc32/v1.21/bin/../lib/gcc/pic32mx/4.5.2/../../../../pic32mx/lib\libpic32.a(vector47.o)
                0x9fc017e0                __vector_dispatch_47
                0x00000001                ASSERT (((_vector_spacing == 0x0) || (SIZEOF (.vector_47) <= (_vector_spacing << 0x5))), function at exception vector 47 too large)

.vector_48      0x9fc01800        0x8
 *(.vector_48)
 .vector_48     0x9fc01800        0x8 c:/program files (x86)/microchip/xc32/v1.21/bin/../lib/gcc/pic32mx/4.5.2/../../../../pic32mx/lib\libpic32.a(vector48.o)
                0x9fc01800                __vector_dispatch_48
                0x00000001                ASSERT (((_vector_spacing == 0x0) || (SIZEOF (.vector_48) <= (_vector_spacing << 0x5))), function at exception vector 48 too large)

.vector_49      0x9fc01820        0x8
 *(.vector_49)
 .vector_49     0x9fc01820        0x8 c:/program files (x86)/microchip/xc32/v1.21/bin/../lib/gcc/pic32mx/4.5.2/../../../../pic32mx/lib\libpic32.a(vector49.o)
                0x9fc01820                __vector_dispatch_49
                0x00000001                ASSERT (((_vector_spacing == 0x0) || (SIZEOF (.vector_49) <= (_vector_spacing << 0x5))), function at exception vector 49 too large)

.vector_50      0x9fc01840        0x8
 *(.vector_50)
 .vector_50     0x9fc01840        0x8 c:/program files (x86)/microchip/xc32/v1.21/bin/../lib/gcc/pic32mx/4.5.2/../../../../pic32mx/lib\libpic32.a(vector50.o)
                0x9fc01840                __vector_dispatch_50
                0x00000001                ASSERT (((_vector_spacing == 0x0) || (SIZEOF (.vector_50) <= (_vector_spacing << 0x5))), function at exception vector 50 too large)

.vector_51      0x9fc01860        0x8
 *(.vector_51)
 .vector_51     0x9fc01860        0x8 c:/program files (x86)/microchip/xc32/v1.21/bin/../lib/gcc/pic32mx/4.5.2/../../../../pic32mx/lib\libpic32.a(vector51.o)
                0x9fc01860                __vector_dispatch_51
                0x00000001                ASSERT (((_vector_spacing == 0x0) || (SIZEOF (.vector_51) <= (_vector_spacing << 0x5))), function at exception vector 51 too large)

.vector_52      0x9fc01880        0x8
 *(.vector_52)
 .vector_52     0x9fc01880        0x8 c:/program files (x86)/microchip/xc32/v1.21/bin/../lib/gcc/pic32mx/4.5.2/../../../../pic32mx/lib\libpic32.a(vector52.o)
                0x9fc01880                __vector_dispatch_52
                0x00000001                ASSERT (((_vector_spacing == 0x0) || (SIZEOF (.vector_52) <= (_vector_spacing << 0x5))), function at exception vector 52 too large)

.vector_53      0x9fc018a0        0x8
 *(.vector_53)
 .vector_53     0x9fc018a0        0x8 c:/program files (x86)/microchip/xc32/v1.21/bin/../lib/gcc/pic32mx/4.5.2/../../../../pic32mx/lib\libpic32.a(vector53.o)
                0x9fc018a0                __vector_dispatch_53
                0x00000001                ASSERT (((_vector_spacing == 0x0) || (SIZEOF (.vector_53) <= (_vector_spacing << 0x5))), function at exception vector 53 too large)

.vector_54      0x9fc018c0        0x8
 *(.vector_54)
 .vector_54     0x9fc018c0        0x8 c:/program files (x86)/microchip/xc32/v1.21/bin/../lib/gcc/pic32mx/4.5.2/../../../../pic32mx/lib\libpic32.a(vector54.o)
                0x9fc018c0                __vector_dispatch_54
                0x00000001                ASSERT (((_vector_spacing == 0x0) || (SIZEOF (.vector_54) <= (_vector_spacing << 0x5))), function at exception vector 54 too large)

.vector_55      0x9fc018e0        0x8
 *(.vector_55)
 .vector_55     0x9fc018e0        0x8 c:/program files (x86)/microchip/xc32/v1.21/bin/../lib/gcc/pic32mx/4.5.2/../../../../pic32mx/lib\libpic32.a(vector55.o)
                0x9fc018e0                __vector_dispatch_55
                0x00000001                ASSERT (((_vector_spacing == 0x0) || (SIZEOF (.vector_55) <= (_vector_spacing << 0x5))), function at exception vector 55 too large)

.vector_56      0x9fc01900        0x8
 *(.vector_56)
 .vector_56     0x9fc01900        0x8 c:/program files (x86)/microchip/xc32/v1.21/bin/../lib/gcc/pic32mx/4.5.2/../../../../pic32mx/lib\libpic32.a(vector56.o)
                0x9fc01900                __vector_dispatch_56
                0x00000001                ASSERT (((_vector_spacing == 0x0) || (SIZEOF (.vector_56) <= (_vector_spacing << 0x5))), function at exception vector 56 too large)

.vector_57      0x9fc01920        0x8
 *(.vector_57)
 .vector_57     0x9fc01920        0x8 c:/program files (x86)/microchip/xc32/v1.21/bin/../lib/gcc/pic32mx/4.5.2/../../../../pic32mx/lib\libpic32.a(vector57.o)
                0x9fc01920                __vector_dispatch_57
                0x00000001                ASSERT (((_vector_spacing == 0x0) || (SIZEOF (.vector_57) <= (_vector_spacing << 0x5))), function at exception vector 57 too large)

.vector_58      0x9fc01940        0x8
 *(.vector_58)
 .vector_58     0x9fc01940        0x8 c:/program files (x86)/microchip/xc32/v1.21/bin/../lib/gcc/pic32mx/4.5.2/../../../../pic32mx/lib\libpic32.a(vector58.o)
                0x9fc01940                __vector_dispatch_58
                0x00000001                ASSERT (((_vector_spacing == 0x0) || (SIZEOF (.vector_58) <= (_vector_spacing << 0x5))), function at exception vector 58 too large)

.vector_59      0x9fc01960        0x8
 *(.vector_59)
 .vector_59     0x9fc01960        0x8 c:/program files (x86)/microchip/xc32/v1.21/bin/../lib/gcc/pic32mx/4.5.2/../../../../pic32mx/lib\libpic32.a(vector59.o)
                0x9fc01960                __vector_dispatch_59
                0x00000001                ASSERT (((_vector_spacing == 0x0) || (SIZEOF (.vector_59) <= (_vector_spacing << 0x5))), function at exception vector 59 too large)

.vector_60      0x9fc01980        0x8
 *(.vector_60)
 .vector_60     0x9fc01980        0x8 c:/program files (x86)/microchip/xc32/v1.21/bin/../lib/gcc/pic32mx/4.5.2/../../../../pic32mx/lib\libpic32.a(vector60.o)
                0x9fc01980                __vector_dispatch_60
                0x00000001                ASSERT (((_vector_spacing == 0x0) || (SIZEOF (.vector_60) <= (_vector_spacing << 0x5))), function at exception vector 60 too large)

.vector_61      0x9fc019a0        0x8
 *(.vector_61)
 .vector_61     0x9fc019a0        0x8 c:/program files (x86)/microchip/xc32/v1.21/bin/../lib/gcc/pic32mx/4.5.2/../../../../pic32mx/lib\libpic32.a(vector61.o)
                0x9fc019a0                __vector_dispatch_61
                0x00000001                ASSERT (((_vector_spacing == 0x0) || (SIZEOF (.vector_61) <= (_vector_spacing << 0x5))), function at exception vector 61 too large)

.vector_62      0x9fc019c0        0x8
 *(.vector_62)
 .vector_62     0x9fc019c0        0x8 c:/program files (x86)/microchip/xc32/v1.21/bin/../lib/gcc/pic32mx/4.5.2/../../../../pic32mx/lib\libpic32.a(vector62.o)
                0x9fc019c0                __vector_dispatch_62
                0x00000001                ASSERT (((_vector_spacing == 0x0) || (SIZEOF (.vector_62) <= (_vector_spacing << 0x5))), function at exception vector 62 too large)

.vector_63      0x9fc019e0        0x8
 *(.vector_63)
 .vector_63     0x9fc019e0        0x8 c:/program files (x86)/microchip/xc32/v1.21/bin/../lib/gcc/pic32mx/4.5.2/../../../../pic32mx/lib\libpic32.a(vector63.o)
                0x9fc019e0                __vector_dispatch_63
                0x00000001                ASSERT (((_vector_spacing == 0x0) || (SIZEOF (.vector_63) <= (_vector_spacing << 0x5))), function at exception vector 63 too large)

.startup
 *(.startup)

.text           0x9d000000        0x0
 *(.stub .gnu.linkonce.t.*)
 *(.text.*personality*)
 *(.mips16.fn.*)
 *(.mips16.call.*)
 *(.gnu.warning)
                0x9d000000                . = ALIGN (0x4)

.init           0x9d000000        0x0
 *crti.o(.init)
 *crtbegin.o(.init)
 *(EXCLUDE_FILE(*crtn.o *crtend?.o *crtend.o) .init)
 *crtend.o(.init)
 *crtn.o(.init)
                0x9d000000                . = ALIGN (0x4)

.fini           0x9d000000        0x0
 *(.fini)
                0x9d000000                . = ALIGN (0x4)

.preinit_array  0x9d000000        0x0
                0x9d000000                PROVIDE (__preinit_array_start, .)
 *(.preinit_array)
                0x9d000000                PROVIDE (__preinit_array_end, .)
                0x9d000000                . = ALIGN (0x4)

.init_array     0x9d000000        0x0
                0x9d000000                PROVIDE (__init_array_start, .)
 *(SORT(.init_array.*))
 *(.init_array)
                0x9d000000                PROVIDE (__init_array_end, .)
                0x9d000000                . = ALIGN (0x4)

.fini_array     0x9d000000        0x0
                0x9d000000                PROVIDE (__fini_array_start, .)
 *(SORT(.fini_array.*))
 *(.fini_array)
                0x9d000000                PROVIDE (__fini_array_end, .)
                0x9d000000                . = ALIGN (0x4)

.ctors          0x9d000000        0x0
 *crtbegin.o(.ctors)
 *crtbegin?.o(.ctors)
 *(EXCLUDE_FILE(*crtend?.o *crtend.o) .ctors)
 *(SORT(.ctors.*))
 *(.ctors)
                0x9d000000                . = ALIGN (0x4)

.dtors          0x9d000000        0x0
 *crtbegin.o(.dtors)
 *crtbegin?.o(.dtors)
 *(EXCLUDE_FILE(*crtend?.o *crtend.o) .dtors)
 *(SORT(.dtors.*))
 *(.dtors)
                0x9d000000                . = ALIGN (0x4)

.rodata         0x9d000000        0x0
 *(.gnu.linkonce.r.*)
 *(.rodata1)
                0x9d000000                . = ALIGN (0x4)

.sdata2         0x9fc00490        0x0
 *(.sdata2 .sdata2.* .gnu.linkonce.s2.*)
                0x9fc00490                . = ALIGN (0x4)

.sbss2          0x9fc00490        0x0
 *(.sbss2 .sbss2.* .gnu.linkonce.sb2.*)
                0x9fc00490                . = ALIGN (0x4)

.eh_frame_hdr
 *(.eh_frame_hdr)
                0x9fc00490                . = ALIGN (0x4)

.eh_frame
 *(.eh_frame)
                0x9fc00490                . = ALIGN (0x4)

.gcc_except_table
 *(.gcc_except_table .gcc_except_table.*)
                0x9fc00490                . = ALIGN (0x4)

.dbg_data       0xa0000000        0x0
                0xa0000000                . = (. + DEFINED (_DEBUGGER)?0x200:0x0)

.jcr            0xa0000000        0x0
 *(.jcr)
                0xa0000000                . = ALIGN (0x4)

.eh_frame
 *(.eh_frame)
                0xa0000000                . = ALIGN (0x4)

.gcc_except_table
 *(.gcc_except_table .gcc_except_table.*)
                0xa0000000                . = ALIGN (0x4)

.persist        0xa0000000        0x0
                0xa0000000                _persist_begin = .
 *(.persist .persist.*)
 *(.pbss .pbss.*)
                0xa0000000                . = ALIGN (0x4)
                0xa0000000                _persist_end = .

.data           0xa0000000        0x0
 *(.gnu.linkonce.d.*)
 *(.data1)
                0xa0000000                . = ALIGN (0x4)
                0xa0000000                . = .
                0xa0007ff0                _gp = (ALIGN (0x10) + 0x7ff0)

.got            0xa0000000        0x0
 *(.got.plt)
 *(.got)
                0xa0000000                . = ALIGN (0x4)

.sdata          0xa0000000       0x5c
                0xa0000000                _sdata_begin = .
 *(.sdata .sdata.* .gnu.linkonce.s.*)
 .sdata         0xa0000000        0x4 build/C32_PIC32MX460F512L/production/graphics/Meter.o
 .sdata         0xa0000004        0x1 build/C32_PIC32MX460F512L/production/graphics/Primitive.o
 *fill*         0xa0000005        0x3 00
 .sdata         0xa0000008        0x8 build/C32_PIC32MX460F512L/production/graphics/ProgressBar.o
 .sdata         0xa0000010        0x4 build/C32_PIC32MX460F512L/production/graphics/RoundDial.o
 .sdata         0xa0000014        0x4 build/C32_PIC32MX460F512L/production/TouchScreen.o
 .sdata         0xa0000018       0x14 build/C32_PIC32MX460F512L/production/TouchScreenResistive.o
                0xa0000018                adcX
                0xa000001a                adcY
                0xa000001c                xRawTouch
                0xa0000024                yRawTouch
 .sdata         0xa000002c       0x28 build/C32_PIC32MX460F512L/production/MainDemo.o
                0xa000002c                Strings
                0xa0000034                ptrLargeAsianFont
                0xa0000038                ptrSmallAsianFont
                0xa000003c                DTPlusSym
                0xa0000040                DTMinusSym
                0xa0000042                inc
 .sdata         0xa0000054        0x8 c:/program files (x86)/microchip/xc32/v1.21/bin/../lib/gcc/pic32mx/4.5.2/../../../../pic32mx/lib\libmchp_peripheral_32MX460F512L.a(_rtcc_wait_clock_off_lib.o)
                0xa0000054                _RtccWaitClkStepSz
                0xa0000058                _RtccWaitClkSteps
                0xa000005c                . = ALIGN (0x4)
                0xa000005c                _sdata_end = .

.lit8
 *(.lit8)

.lit4
 *(.lit4)
                0xa000005c                . = ALIGN (0x4)
                0xa000005c                _data_end = .
                0xa000005c                _bss_begin = .

.sbss           0xa000005c      0x26c
                0xa000005c                _sbss_begin = .
 *(.dynsbss)
 *(.sbss .sbss.* .gnu.linkonce.sb.*)
 .sbss          0xa000005c       0x14 build/C32_PIC32MX460F512L/production/graphics/Button.o
 .sbss          0xa0000070        0x8 build/C32_PIC32MX460F512L/production/graphics/CheckBox.o
 .sbss          0xa0000078        0xc build/C32_PIC32MX460F512L/production/graphics/DigitalMeter.o
 .sbss          0xa0000084       0x10 build/C32_PIC32MX460F512L/production/graphics/EditBox.o
 .sbss          0xa0000094       0x24 build/C32_PIC32MX460F512L/production/graphics/GOL.o
                0xa0000094                _pGolObjects
                0xa0000098                _pDefaultGolScheme
                0xa000009c                _pObjectFocused
                0xa00000a0                _pRpnlBitmap
 .sbss          0xa00000b8        0xc build/C32_PIC32MX460F512L/production/graphics/GroupBox.o
 .sbss          0xa00000c4       0x10 build/C32_PIC32MX460F512L/production/graphics/ListBox.o
 .sbss          0xa00000d4       0x28 build/C32_PIC32MX460F512L/production/graphics/Meter.o
 .sbss          0xa00000fc        0xc build/C32_PIC32MX460F512L/production/graphics/Picture.o
 .sbss          0xa0000108       0x48 build/C32_PIC32MX460F512L/production/graphics/Primitive.o
 .sbss          0xa0000150       0x14 build/C32_PIC32MX460F512L/production/graphics/ProgressBar.o
 .sbss          0xa0000164       0x14 build/C32_PIC32MX460F512L/production/graphics/RadioButton.o
                0xa0000164                _pListButtons
 .sbss          0xa0000178        0x8 build/C32_PIC32MX460F512L/production/graphics/RoundDial.o
 .sbss          0xa0000180       0x18 build/C32_PIC32MX460F512L/production/graphics/Slider.o
 .sbss          0xa0000198        0xc build/C32_PIC32MX460F512L/production/graphics/StaticText.o
 .sbss          0xa00001a4        0x4 build/C32_PIC32MX460F512L/production/graphics/Window.o
 .sbss          0xa00001a8        0xc build/C32_PIC32MX460F512L/production/exceptions.o
 .sbss          0xa00001b4        0x8 build/C32_PIC32MX460F512L/production/CustomControlDemo.o
 .sbss          0xa00001bc        0xc build/C32_PIC32MX460F512L/production/TouchScreen.o
                0xa00001bc                pCalDataRead
                0xa00001c0                pCalDataWrite
                0xa00001c4                pCalDataSectorErase
 .sbss          0xa00001c8        0xc build/C32_PIC32MX460F512L/production/TouchScreenResistive.o
                0xa00001c8                adcPot
                0xa00001cc                state
 .sbss          0xa00001d4       0x3c build/C32_PIC32MX460F512L/production/MainDemo.o
                0xa00001d4                _language
                0xa00001d8                screenState
                0xa00001dc                tick
                0xa00001e0                prevState
                0xa00001e4                prevRefreshState
                0xa00001e8                List2Enable
                0xa00001ea                refreshScreen
                0xa00001ec                PulldownId
                0xa00001ee                counter
 .sbss          0xa0000210        0x4 c:/program files (x86)/microchip/xc32/v1.21/bin/../lib/gcc/pic32mx/4.5.2/../../../../pic32mx/lib\libpic32.a(errno.o)
                0xa0000210                errno
 .sbss          0xa0000214       0x10 c:/program files (x86)/microchip/xc32/v1.21/bin/../lib/gcc/pic32mx/4.5.2/../../../../pic32mx/lib\libc.a(malloc.o)
                0xa0000214                __allocp
                0xa0000218                __alloct
                0xa000021c                __allocx
 .sbss          0xa0000224        0x8 c:/program files (x86)/microchip/xc32/v1.21/bin/../lib/gcc/pic32mx/4.5.2/../../../../pic32mx/lib\libpic32.a(sbrk.o)
                0xa0000224                _minbrk
                0xa0000228                _maxbrk
 *(.scommon)
 .scommon       0xa000022c        0xc build/C32_PIC32MX460F512L/production/graphics/drivers/ILI9341.o
                0xa000022c                _clipRgn
                0xa000022e                _clipRight
                0xa0000230                _clipBottom
                0xa0000232                _clipTop
                0xa0000234                _color
                0xa0000236                _clipLeft
 .scommon       0xa0000238       0x12 build/C32_PIC32MX460F512L/production/graphics/GOL.o
                0xa0000238                _rpnlX2
                0xa000023a                _rpnlR
                0xa000023c                _rpnlX1
                0xa000023e                _rpnlEmbossDkColor
                0xa0000240                _rpnlEmbossSize
                0xa0000242                _rpnlY2
                0xa0000244                _rpnlEmbossLtColor
                0xa0000246                _rpnlFaceColor
                0xa0000248                _rpnlY1
 .scommon       0xa000024a        0x9 build/C32_PIC32MX460F512L/production/graphics/Primitive.o
                0xa000024a                _cursorY
                0xa000024c                _fontOrientation
                0xa000024d                _bevelDrawType
                0xa000024e                _cursorX
                0xa0000250                _lineType
                0xa0000252                _lineThickness
 .scommon       0xa0000253        0x1 build/C32_PIC32MX460F512L/production/rtcc.o
                0xa0000253                _rtcc_flag
 .scommon       0xa0000254       0x10 build/C32_PIC32MX460F512L/production/TouchScreenResistive.o
                0xa0000254                _trC
                0xa0000258                _trB
                0xa000025c                _trD
                0xa0000260                _trA
 .scommon       0xa0000264       0x64 build/C32_PIC32MX460F512L/production/MainDemo.o
                0xa0000264                pProgressBar
                0xa0000268                alt5Scheme
                0xa000026c                x
                0xa0000270                redScheme
                0xa0000274                alt3Scheme
                0xa0000278                navScheme
                0xa000027c                pDwnBottom
                0xa0000280                altScheme
                0xa0000284                pNavList
                0xa0000288                greenScheme
                0xa000028c                pPicture
                0xa0000290                pGenObj
                0xa0000294                DateItemID
                0xa0000298                pSlider
                0xa000029c                pDwnLeft
                0xa00002a0                timeScheme
                0xa00002a4                alt4Scheme
                0xa00002a8                y
                0xa00002aa                prevX
                0xa00002ac                cursorUpdate
                0xa00002ae                pDwnRight
                0xa00002b0                alt2Scheme
                0xa00002b4                meterScheme
                0xa00002b8                animate
                0xa00002bc                pListSaved
                0xa00002c0                yellowScheme
                0xa00002c4                pDwnTop
                0xa00002c6                prevY
                0xa00002c8                _sbss_end = .
                0xa00002c8                . = ALIGN (0x4)

.bss            0xa00002c8      0x6dc
 *(.dynbss)
 *(COMMON)
 COMMON         0xa00002c8        0xc build/C32_PIC32MX460F512L/production/graphics/Primitive.o
                0xa00002c8                currentFont
 COMMON         0xa00002d4       0x20 build/C32_PIC32MX460F512L/production/rtcc.o
                0xa00002d4                _time
                0xa00002e4                _time_chk
 COMMON         0xa00002f4      0x6ae build/C32_PIC32MX460F512L/production/MainDemo.o
                0xa00002f4                tempBuffer
                0xa0000308                ecgBuffer
                0xa0000508                buffer
                0xa0000708                potBuffer
                0xa0000988                dateTimeStr
                0xa00009a4                . = ALIGN ((. != 0x0)?0x4:0x1)
 *fill*         0xa00009a2        0x2 00
                0xa00009a4                . = ALIGN (0x4)
                0xa00009a4                _end = .
                0xa00009a4                _bss_end = .
                0x00008000                _bmxdudba_address = 0x8000
                0x00008000                _bmxdupba_address = 0x8000

/DISCARD/
 *(.pdr)
 *(.rel.dyn)
 *(.note.GNU-stack)
 *(.note.GNU-stack)
 *(.gnu_debuglink)
 *(.gnu.lto_*)
 *(.discard)

.gptab.sdata
 *(.gptab.data)
 *(.gptab.sdata)

.gptab.sbss
 *(.gptab.bss)
 *(.gptab.sbss)

.mdebug.abi32   0xa00009a4        0x0
 *(.mdebug.abi32)
 .mdebug.abi32  0xa00009a4        0x0 build/C32_PIC32MX460F512L/production/graphics/drivers/ILI9341.o
 .mdebug.abi32  0xa00009a4        0x0 build/C32_PIC32MX460F512L/production/graphics/AnalogClock.o
 .mdebug.abi32  0xa00009a4        0x0 build/C32_PIC32MX460F512L/production/graphics/Button.o
 .mdebug.abi32  0xa00009a4        0x0 build/C32_PIC32MX460F512L/production/graphics/Chart.o
 .mdebug.abi32  0xa00009a4        0x0 build/C32_PIC32MX460F512L/production/graphics/CheckBox.o
 .mdebug.abi32  0xa00009a4        0x0 build/C32_PIC32MX460F512L/production/graphics/DigitalMeter.o
 .mdebug.abi32  0xa00009a4        0x0 build/C32_PIC32MX460F512L/production/graphics/EditBox.o
 .mdebug.abi32  0xa00009a4        0x0 build/C32_PIC32MX460F512L/production/graphics/GOL.o
 .mdebug.abi32  0xa00009a4        0x0 build/C32_PIC32MX460F512L/production/graphics/GOLSchemeDefault.o
 .mdebug.abi32  0xa00009a4        0x0 build/C32_PIC32MX460F512L/production/graphics/Grid.o
 .mdebug.abi32  0xa00009a4        0x0 build/C32_PIC32MX460F512L/production/graphics/GroupBox.o
 .mdebug.abi32  0xa00009a4        0x0 build/C32_PIC32MX460F512L/production/graphics/ListBox.o
 .mdebug.abi32  0xa00009a4        0x0 build/C32_PIC32MX460F512L/production/graphics/Meter.o
 .mdebug.abi32  0xa00009a4        0x0 build/C32_PIC32MX460F512L/production/graphics/Palette.o
 .mdebug.abi32  0xa00009a4        0x0 build/C32_PIC32MX460F512L/production/graphics/Picture.o
 .mdebug.abi32  0xa00009a4        0x0 build/C32_PIC32MX460F512L/production/graphics/Primitive.o
 .mdebug.abi32  0xa00009a4        0x0 build/C32_PIC32MX460F512L/production/graphics/ProgressBar.o
 .mdebug.abi32  0xa00009a4        0x0 build/C32_PIC32MX460F512L/production/graphics/RadioButton.o
 .mdebug.abi32  0xa00009a4        0x0 build/C32_PIC32MX460F512L/production/graphics/RoundDial.o
 .mdebug.abi32  0xa00009a4        0x0 build/C32_PIC32MX460F512L/production/graphics/Slider.o
 .mdebug.abi32  0xa00009a4        0x0 build/C32_PIC32MX460F512L/production/graphics/StaticText.o
 .mdebug.abi32  0xa00009a4        0x0 build/C32_PIC32MX460F512L/production/graphics/Template.o
 .mdebug.abi32  0xa00009a4        0x0 build/C32_PIC32MX460F512L/production/graphics/TextEntry.o
 .mdebug.abi32  0xa00009a4        0x0 build/C32_PIC32MX460F512L/production/graphics/Transitions.o
 .mdebug.abi32  0xa00009a4        0x0 build/C32_PIC32MX460F512L/production/graphics/Transitions_weak.o
 .mdebug.abi32  0xa00009a4        0x0 build/C32_PIC32MX460F512L/production/graphics/Window.o
 .mdebug.abi32  0xa00009a4        0x0 build/C32_PIC32MX460F512L/production/configuration_bits.o
 .mdebug.abi32  0xa00009a4        0x0 build/C32_PIC32MX460F512L/production/exceptions.o
 .mdebug.abi32  0xa00009a4        0x0 build/C32_PIC32MX460F512L/production/interrupts.o
 .mdebug.abi32  0xa00009a4        0x0 build/C32_PIC32MX460F512L/production/system.o
 .mdebug.abi32  0xa00009a4        0x0 build/C32_PIC32MX460F512L/production/user.o
 .mdebug.abi32  0xa00009a4        0x0 build/C32_PIC32MX460F512L/production/TimeDelay.o
 .mdebug.abi32  0xa00009a4        0x0 build/C32_PIC32MX460F512L/production/Beep.o
 .mdebug.abi32  0xa00009a4        0x0 build/C32_PIC32MX460F512L/production/CustomControlDemo.o
 .mdebug.abi32  0xa00009a4        0x0 build/C32_PIC32MX460F512L/production/TouchScreen.o
 .mdebug.abi32  0xa00009a4        0x0 build/C32_PIC32MX460F512L/production/drv_spi.o
 .mdebug.abi32  0xa00009a4        0x0 build/C32_PIC32MX460F512L/production/rtcc.o
 .mdebug.abi32  0xa00009a4        0x0 build/C32_PIC32MX460F512L/production/InternalResourceXC32.o
 .mdebug.abi32  0xa00009a4        0x0 build/C32_PIC32MX460F512L/production/cpld.o
 .mdebug.abi32  0xa00009a4        0x0 build/C32_PIC32MX460F512L/production/TouchScreenResistive.o
 .mdebug.abi32  0xa00009a4        0x0 build/C32_PIC32MX460F512L/production/MainDemo.o
 .mdebug.abi32  0xa00009a4        0x0 build/C32_PIC32MX460F512L/production/SST25VF016.o
 .mdebug.abi32  0xa00009a4        0x0 c:/program files (x86)/microchip/xc32/v1.21/bin/../lib/gcc/pic32mx/4.5.2/../../../../pic32mx/lib\libmchp_peripheral_32MX460F512L.a(pcache.o)
 .mdebug.abi32  0xa00009a4        0x0 c:/program files (x86)/microchip/xc32/v1.21/bin/../lib/gcc/pic32mx/4.5.2/../../../../pic32mx/lib\libmchp_peripheral_32MX460F512L.a(int_disable_interrupts_lib.o)
 .mdebug.abi32  0xa00009a4        0x0 c:/program files (x86)/microchip/xc32/v1.21/bin/../lib/gcc/pic32mx/4.5.2/../../../../pic32mx/lib\libmchp_peripheral_32MX460F512L.a(int_restore_interrupts_lib.o)
 .mdebug.abi32  0xa00009a4        0x0 c:/program files (x86)/microchip/xc32/v1.21/bin/../lib/gcc/pic32mx/4.5.2/../../../../pic32mx/lib\libmchp_peripheral_32MX460F512L.a(int_enable_mv_int_lib.o)
 .mdebug.abi32  0xa00009a4        0x0 c:/program files (x86)/microchip/xc32/v1.21/bin/../lib/gcc/pic32mx/4.5.2/../../../../pic32mx/lib\libmchp_peripheral_32MX460F512L.a(rtcc_init_lib.o)
 .mdebug.abi32  0xa00009a4        0x0 c:/program files (x86)/microchip/xc32/v1.21/bin/../lib/gcc/pic32mx/4.5.2/../../../../pic32mx/lib\libmchp_peripheral_32MX460F512L.a(rtcc_set_date_lib.o)
 .mdebug.abi32  0xa00009a4        0x0 c:/program files (x86)/microchip/xc32/v1.21/bin/../lib/gcc/pic32mx/4.5.2/../../../../pic32mx/lib\libmchp_peripheral_32MX460F512L.a(rtcc_set_time_lib.o)
 .mdebug.abi32  0xa00009a4        0x0 c:/program files (x86)/microchip/xc32/v1.21/bin/../lib/gcc/pic32mx/4.5.2/../../../../pic32mx/lib\libmchp_peripheral_32MX460F512L.a(int_enable_interrupts_lib.o)
 .mdebug.abi32  0xa00009a4        0x0 c:/program files (x86)/microchip/xc32/v1.21/bin/../lib/gcc/pic32mx/4.5.2/../../../../pic32mx/lib\libmchp_peripheral_32MX460F512L.a(int_tbl_lib.o)
 .mdebug.abi32  0xa00009a4        0x0 c:/program files (x86)/microchip/xc32/v1.21/bin/../lib/gcc/pic32mx/4.5.2/../../../../pic32mx/lib\libmchp_peripheral_32MX460F512L.a(_rtcc_set_time_and_date_lib.o)
 .mdebug.abi32  0xa00009a4        0x0 c:/program files (x86)/microchip/xc32/v1.21/bin/../lib/gcc/pic32mx/4.5.2/../../../../pic32mx/lib\libmchp_peripheral_32MX460F512L.a(_rtcc_wait_clock_off_lib.o)
 .mdebug.abi32  0xa00009a4        0x0 c:/program files (x86)/microchip/xc32/v1.21/bin/../lib/gcc/pic32mx/4.5.2/../../../../pic32mx/lib\libmchp_peripheral_32MX460F512L.a(read_core_timer_lib.o)
 .mdebug.abi32  0xa00009a4        0x0 c:/program files (x86)/microchip/xc32/v1.21/bin/../lib/gcc/pic32mx/4.5.2/../../../../pic32mx/lib\libpic32.a(default-bootstrap-exception-handler.o)
 .mdebug.abi32  0xa00009a4        0x0 c:/program files (x86)/microchip/xc32/v1.21/bin/../lib/gcc/pic32mx/4.5.2/../../../../pic32mx/lib\libpic32.a(default-on-reset.o)
 .mdebug.abi32  0xa00009a4        0x0 c:/program files (x86)/microchip/xc32/v1.21/bin/../lib/gcc/pic32mx/4.5.2/../../../../pic32mx/lib\libpic32.a(default-on-bootstrap.o)
 .mdebug.abi32  0xa00009a4        0x0 c:/program files (x86)/microchip/xc32/v1.21/bin/../lib/gcc/pic32mx/4.5.2/../../../../pic32mx/lib\libpic32.a(defaultinterrupt.o)
 .mdebug.abi32  0xa00009a4        0x0 c:/program files (x86)/microchip/xc32/v1.21/bin/../lib/gcc/pic32mx/4.5.2/../../../../pic32mx/lib\libm.a(w_sqrtf.o)
 .mdebug.abi32  0xa00009a4        0x0 c:/program files (x86)/microchip/xc32/v1.21/bin/../lib/gcc/pic32mx/4.5.2/../../../../pic32mx/lib\libm.a(s_lib_ver.o)
 .mdebug.abi32  0xa00009a4        0x0 c:/program files (x86)/microchip/xc32/v1.21/bin/../lib/gcc/pic32mx/4.5.2/../../../../pic32mx/lib\libpic32.a(errno.o)
 .mdebug.abi32  0xa00009a4        0x0 c:/program files (x86)/microchip/xc32/v1.21/bin/../lib/gcc/pic32mx/4.5.2/../../../../pic32mx/lib\libc.a(malloc.o)
 .mdebug.abi32  0xa00009a4        0x0 c:/program files (x86)/microchip/xc32/v1.21/bin/../lib/gcc/pic32mx/4.5.2/../../../../pic32mx/lib\libpic32.a(sbrk.o)

.mdebug.abiN32
 *(.mdebug.abiN32)

.mdebug.abi64
 *(.mdebug.abi64)

.mdebug.abiO64
 *(.mdebug.abiO64)

.mdebug.eabi32
 *(.mdebug.eabi32)

.mdebug.eabi64
 *(.mdebug.eabi64)

.gcc_compiled_long32
 *(.gcc_compiled_long32)

.gcc_compiled_long64
 *(.gcc_compiled_long64)

.stab
 *(.stab)

.stabstr
 *(.stabstr)

.stab.excl
 *(.stab.excl)

.stab.exclstr
 *(.stab.exclstr)

.stab.index
 *(.stab.index)

.stab.indexstr
 *(.stab.indexstr)

.comment        0x00000000       0xdb
 *(.comment)
 .comment       0x00000000       0x3c build/C32_PIC32MX460F512L/production/graphics/drivers/ILI9341.o
                                 0x3d (size before relaxing)
 .comment       0x00000000       0x3d build/C32_PIC32MX460F512L/production/graphics/AnalogClock.o
 .comment       0x00000000       0x3d build/C32_PIC32MX460F512L/production/graphics/Button.o
 .comment       0x00000000       0x3d build/C32_PIC32MX460F512L/production/graphics/Chart.o
 .comment       0x00000000       0x3d build/C32_PIC32MX460F512L/production/graphics/CheckBox.o
 .comment       0x00000000       0x3d build/C32_PIC32MX460F512L/production/graphics/DigitalMeter.o
 .comment       0x00000000       0x3d build/C32_PIC32MX460F512L/production/graphics/EditBox.o
 .comment       0x00000000       0x3d build/C32_PIC32MX460F512L/production/graphics/GOL.o
 .comment       0x00000000       0x3d build/C32_PIC32MX460F512L/production/graphics/GOLSchemeDefault.o
 .comment       0x00000000       0x3d build/C32_PIC32MX460F512L/production/graphics/Grid.o
 .comment       0x00000000       0x3d build/C32_PIC32MX460F512L/production/graphics/GroupBox.o
 .comment       0x00000000       0x3d build/C32_PIC32MX460F512L/production/graphics/ListBox.o
 .comment       0x00000000       0x3d build/C32_PIC32MX460F512L/production/graphics/Meter.o
 .comment       0x00000000       0x3d build/C32_PIC32MX460F512L/production/graphics/Palette.o
 .comment       0x00000000       0x3d build/C32_PIC32MX460F512L/production/graphics/Picture.o
 .comment       0x00000000       0x3d build/C32_PIC32MX460F512L/production/graphics/Primitive.o
 .comment       0x00000000       0x3d build/C32_PIC32MX460F512L/production/graphics/ProgressBar.o
 .comment       0x00000000       0x3d build/C32_PIC32MX460F512L/production/graphics/RadioButton.o
 .comment       0x00000000       0x3d build/C32_PIC32MX460F512L/production/graphics/RoundDial.o
 .comment       0x00000000       0x3d build/C32_PIC32MX460F512L/production/graphics/Slider.o
 .comment       0x00000000       0x3d build/C32_PIC32MX460F512L/production/graphics/StaticText.o
 .comment       0x00000000       0x3d build/C32_PIC32MX460F512L/production/graphics/Template.o
 .comment       0x00000000       0x3d build/C32_PIC32MX460F512L/production/graphics/TextEntry.o
 .comment       0x00000000       0x3d build/C32_PIC32MX460F512L/production/graphics/Transitions.o
 .comment       0x00000000       0x3d build/C32_PIC32MX460F512L/production/graphics/Transitions_weak.o
 .comment       0x00000000       0x3d build/C32_PIC32MX460F512L/production/graphics/Window.o
 .comment       0x00000000       0x3d build/C32_PIC32MX460F512L/production/configuration_bits.o
 .comment       0x00000000       0x3d build/C32_PIC32MX460F512L/production/exceptions.o
 .comment       0x00000000       0x3d build/C32_PIC32MX460F512L/production/interrupts.o
 .comment       0x00000000       0x3d build/C32_PIC32MX460F512L/production/system.o
 .comment       0x00000000       0x3d build/C32_PIC32MX460F512L/production/user.o
 .comment       0x00000000       0x3d build/C32_PIC32MX460F512L/production/TimeDelay.o
 .comment       0x00000000       0x3d build/C32_PIC32MX460F512L/production/Beep.o
 .comment       0x00000000       0x3d build/C32_PIC32MX460F512L/production/CustomControlDemo.o
 .comment       0x00000000       0x3d build/C32_PIC32MX460F512L/production/TouchScreen.o
 .comment       0x00000000       0x3d build/C32_PIC32MX460F512L/production/drv_spi.o
 .comment       0x00000000       0x3d build/C32_PIC32MX460F512L/production/rtcc.o
 .comment       0x00000000       0x3d build/C32_PIC32MX460F512L/production/InternalResourceXC32.o
 .comment       0x00000000       0x3d build/C32_PIC32MX460F512L/production/cpld.o
 .comment       0x00000000       0x3d build/C32_PIC32MX460F512L/production/TouchScreenResistive.o
 .comment       0x00000000       0x3d build/C32_PIC32MX460F512L/production/MainDemo.o
 .comment       0x00000000       0x3d build/C32_PIC32MX460F512L/production/SST25VF016.o
 .comment       0x0000003c       0x3c c:/program files (x86)/microchip/xc32/v1.21/bin/../lib/gcc/pic32mx/4.5.2/../../../../pic32mx/lib\libmchp_peripheral_32MX460F512L.a(pcache.o)
                                 0x3d (size before relaxing)
 .comment       0x00000000       0x3d c:/program files (x86)/microchip/xc32/v1.21/bin/../lib/gcc/pic32mx/4.5.2/../../../../pic32mx/lib\libmchp_peripheral_32MX460F512L.a(int_disable_interrupts_lib.o)
 .comment       0x00000000       0x3d c:/program files (x86)/microchip/xc32/v1.21/bin/../lib/gcc/pic32mx/4.5.2/../../../../pic32mx/lib\libmchp_peripheral_32MX460F512L.a(int_restore_interrupts_lib.o)
 .comment       0x00000000       0x3d c:/program files (x86)/microchip/xc32/v1.21/bin/../lib/gcc/pic32mx/4.5.2/../../../../pic32mx/lib\libmchp_peripheral_32MX460F512L.a(int_enable_mv_int_lib.o)
 .comment       0x00000000       0x3d c:/program files (x86)/microchip/xc32/v1.21/bin/../lib/gcc/pic32mx/4.5.2/../../../../pic32mx/lib\libmchp_peripheral_32MX460F512L.a(rtcc_init_lib.o)
 .comment       0x00000000       0x3d c:/program files (x86)/microchip/xc32/v1.21/bin/../lib/gcc/pic32mx/4.5.2/../../../../pic32mx/lib\libmchp_peripheral_32MX460F512L.a(rtcc_set_date_lib.o)
 .comment       0x00000000       0x3d c:/program files (x86)/microchip/xc32/v1.21/bin/../lib/gcc/pic32mx/4.5.2/../../../../pic32mx/lib\libmchp_peripheral_32MX460F512L.a(rtcc_set_time_lib.o)
 .comment       0x00000000       0x3d c:/program files (x86)/microchip/xc32/v1.21/bin/../lib/gcc/pic32mx/4.5.2/../../../../pic32mx/lib\libmchp_peripheral_32MX460F512L.a(int_enable_interrupts_lib.o)
 .comment       0x00000000       0x3d c:/program files (x86)/microchip/xc32/v1.21/bin/../lib/gcc/pic32mx/4.5.2/../../../../pic32mx/lib\libmchp_peripheral_32MX460F512L.a(int_tbl_lib.o)
 .comment       0x00000000       0x3d c:/program files (x86)/microchip/xc32/v1.21/bin/../lib/gcc/pic32mx/4.5.2/../../../../pic32mx/lib\libmchp_peripheral_32MX460F512L.a(_rtcc_set_time_and_date_lib.o)
 .comment       0x00000000       0x3d c:/program files (x86)/microchip/xc32/v1.21/bin/../lib/gcc/pic32mx/4.5.2/../../../../pic32mx/lib\libmchp_peripheral_32MX460F512L.a(_rtcc_wait_clock_off_lib.o)
 .comment       0x00000000       0x3d c:/program files (x86)/microchip/xc32/v1.21/bin/../lib/gcc/pic32mx/4.5.2/../../../../pic32mx/lib\libmchp_peripheral_32MX460F512L.a(read_core_timer_lib.o)
 .comment       0x00000000       0x3d c:/program files (x86)/microchip/xc32/v1.21/bin/../lib/gcc/pic32mx/4.5.2/../../../../pic32mx/lib\libpic32.a(default-bootstrap-exception-handler.o)
 .comment       0x00000000       0x3d c:/program files (x86)/microchip/xc32/v1.21/bin/../lib/gcc/pic32mx/4.5.2/../../../../pic32mx/lib\libpic32.a(default-on-reset.o)
 .comment       0x00000000       0x3d c:/program files (x86)/microchip/xc32/v1.21/bin/../lib/gcc/pic32mx/4.5.2/../../../../pic32mx/lib\libpic32.a(default-on-bootstrap.o)
 .comment       0x00000000       0x3d c:/program files (x86)/microchip/xc32/v1.21/bin/../lib/gcc/pic32mx/4.5.2/../../../../pic32mx/lib\libpic32.a(defaultinterrupt.o)
 .comment       0x00000000       0x3d c:/program files (x86)/microchip/xc32/v1.21/bin/../lib/gcc/pic32mx/4.5.2/../../../../pic32mx/lib\libm.a(w_sqrtf.o)
 .comment       0x00000000       0x3d c:/program files (x86)/microchip/xc32/v1.21/bin/../lib/gcc/pic32mx/4.5.2/../../../../pic32mx/lib\libm.a(s_lib_ver.o)
 .comment       0x00000000       0x3d c:/program files (x86)/microchip/xc32/v1.21/bin/../lib/gcc/pic32mx/4.5.2/../../../../pic32mx/lib\libpic32.a(errno.o)
 .comment       0x00000000       0x3d c:/program files (x86)/microchip/xc32/v1.21/bin/../lib/gcc/pic32mx/4.5.2/../../../../pic32mx/lib\libc.a(malloc.o)
 .comment       0x00000078       0x4b c:/program files (x86)/microchip/xc32/v1.21/bin/../lib/gcc/pic32mx/4.5.2/../../../../pic32mx/lib\libpic32.a(sbrk.o)
                                 0x88 (size before relaxing)
 .comment       0x000000c3       0x18 c:/program files (x86)/microchip/xc32/v1.21/bin/../lib/gcc/pic32mx/4.5.2/../../../../pic32mx/lib\libpic32.a(memset.o)
                                 0x19 (size before relaxing)

.debug
 *(.debug)

.line
 *(.line)

.debug_srcinfo
 *(.debug_srcinfo)

.debug_sfnames
 *(.debug_sfnames)

.debug_aranges  0x00000000      0x640
 *(.debug_aranges)
 .debug_aranges
                0x00000000       0x20 build/C32_PIC32MX460F512L/production/graphics/drivers/ILI9341.o
 .debug_aranges
                0x00000020       0x20 build/C32_PIC32MX460F512L/production/graphics/Button.o
 .debug_aranges
                0x00000040       0x20 build/C32_PIC32MX460F512L/production/graphics/CheckBox.o
 .debug_aranges
                0x00000060       0x20 build/C32_PIC32MX460F512L/production/graphics/DigitalMeter.o
 .debug_aranges
                0x00000080       0x20 build/C32_PIC32MX460F512L/production/graphics/EditBox.o
 .debug_aranges
                0x000000a0       0x20 build/C32_PIC32MX460F512L/production/graphics/GOL.o
 .debug_aranges
                0x000000c0       0x20 build/C32_PIC32MX460F512L/production/graphics/GroupBox.o
 .debug_aranges
                0x000000e0       0x20 build/C32_PIC32MX460F512L/production/graphics/ListBox.o
 .debug_aranges
                0x00000100       0x20 build/C32_PIC32MX460F512L/production/graphics/Meter.o
 .debug_aranges
                0x00000120       0x20 build/C32_PIC32MX460F512L/production/graphics/Picture.o
 .debug_aranges
                0x00000140       0x20 build/C32_PIC32MX460F512L/production/graphics/Primitive.o
 .debug_aranges
                0x00000160       0x20 build/C32_PIC32MX460F512L/production/graphics/ProgressBar.o
 .debug_aranges
                0x00000180       0x20 build/C32_PIC32MX460F512L/production/graphics/RadioButton.o
 .debug_aranges
                0x000001a0       0x20 build/C32_PIC32MX460F512L/production/graphics/RoundDial.o
 .debug_aranges
                0x000001c0       0x20 build/C32_PIC32MX460F512L/production/graphics/Slider.o
 .debug_aranges
                0x000001e0       0x20 build/C32_PIC32MX460F512L/production/graphics/StaticText.o
 .debug_aranges
                0x00000200       0x20 build/C32_PIC32MX460F512L/production/graphics/Window.o
 .debug_aranges
                0x00000220       0x20 build/C32_PIC32MX460F512L/production/exceptions.o
 .debug_aranges
                0x00000240       0x20 build/C32_PIC32MX460F512L/production/user.o
 .debug_aranges
                0x00000260       0x20 build/C32_PIC32MX460F512L/production/TimeDelay.o
 .debug_aranges
                0x00000280       0x20 build/C32_PIC32MX460F512L/production/CustomControlDemo.o
 .debug_aranges
                0x000002a0       0x20 build/C32_PIC32MX460F512L/production/TouchScreen.o
 .debug_aranges
                0x000002c0       0x20 build/C32_PIC32MX460F512L/production/drv_spi.o
 .debug_aranges
                0x000002e0       0x20 build/C32_PIC32MX460F512L/production/rtcc.o
 .debug_aranges
                0x00000300       0x20 build/C32_PIC32MX460F512L/production/TouchScreenResistive.o
 .debug_aranges
                0x00000320       0x20 build/C32_PIC32MX460F512L/production/MainDemo.o
 .debug_aranges
                0x00000340       0x20 build/C32_PIC32MX460F512L/production/SST25VF016.o
 .debug_aranges
                0x00000360       0x28 c:/program files (x86)/microchip/xc32/v1.21/bin/../lib/gcc/pic32mx/4.5.2/../../../../pic32mx/lib\libmchp_peripheral_32MX460F512L.a(pcache.o)
 .debug_aranges
                0x00000388       0x20 c:/program files (x86)/microchip/xc32/v1.21/bin/../lib/gcc/pic32mx/4.5.2/../../../../pic32mx/lib\libmchp_peripheral_32MX460F512L.a(int_disable_interrupts_lib.o)
 .debug_aranges
                0x000003a8       0x20 c:/program files (x86)/microchip/xc32/v1.21/bin/../lib/gcc/pic32mx/4.5.2/../../../../pic32mx/lib\libmchp_peripheral_32MX460F512L.a(int_restore_interrupts_lib.o)
 .debug_aranges
                0x000003c8       0x20 c:/program files (x86)/microchip/xc32/v1.21/bin/../lib/gcc/pic32mx/4.5.2/../../../../pic32mx/lib\libmchp_peripheral_32MX460F512L.a(int_enable_mv_int_lib.o)
 .debug_aranges
                0x000003e8       0x20 c:/program files (x86)/microchip/xc32/v1.21/bin/../lib/gcc/pic32mx/4.5.2/../../../../pic32mx/lib\libmchp_peripheral_32MX460F512L.a(rtcc_init_lib.o)
 .debug_aranges
                0x00000408       0x20 c:/program files (x86)/microchip/xc32/v1.21/bin/../lib/gcc/pic32mx/4.5.2/../../../../pic32mx/lib\libmchp_peripheral_32MX460F512L.a(rtcc_set_date_lib.o)
 .debug_aranges
                0x00000428       0x20 c:/program files (x86)/microchip/xc32/v1.21/bin/../lib/gcc/pic32mx/4.5.2/../../../../pic32mx/lib\libmchp_peripheral_32MX460F512L.a(rtcc_set_time_lib.o)
 .debug_aranges
                0x00000448       0x20 c:/program files (x86)/microchip/xc32/v1.21/bin/../lib/gcc/pic32mx/4.5.2/../../../../pic32mx/lib\libmchp_peripheral_32MX460F512L.a(int_enable_interrupts_lib.o)
 .debug_aranges
                0x00000468       0x60 c:/program files (x86)/microchip/xc32/v1.21/bin/../lib/gcc/pic32mx/4.5.2/../../../../pic32mx/lib\libmchp_peripheral_32MX460F512L.a(int_tbl_lib.o)
 .debug_aranges
                0x000004c8       0x20 c:/program files (x86)/microchip/xc32/v1.21/bin/../lib/gcc/pic32mx/4.5.2/../../../../pic32mx/lib\libmchp_peripheral_32MX460F512L.a(_rtcc_set_time_and_date_lib.o)
 .debug_aranges
                0x000004e8       0x28 c:/program files (x86)/microchip/xc32/v1.21/bin/../lib/gcc/pic32mx/4.5.2/../../../../pic32mx/lib\libmchp_peripheral_32MX460F512L.a(_rtcc_wait_clock_off_lib.o)
 .debug_aranges
                0x00000510       0x20 c:/program files (x86)/microchip/xc32/v1.21/bin/../lib/gcc/pic32mx/4.5.2/../../../../pic32mx/lib\libmchp_peripheral_32MX460F512L.a(read_core_timer_lib.o)
 .debug_aranges
                0x00000530       0x20 c:/program files (x86)/microchip/xc32/v1.21/bin/../lib/gcc/pic32mx/4.5.2/../../../../pic32mx/lib\libpic32.a(default-bootstrap-exception-handler.o)
 .debug_aranges
                0x00000550       0x20 c:/program files (x86)/microchip/xc32/v1.21/bin/../lib/gcc/pic32mx/4.5.2/../../../../pic32mx/lib\libpic32.a(default-on-reset.o)
 .debug_aranges
                0x00000570       0x20 c:/program files (x86)/microchip/xc32/v1.21/bin/../lib/gcc/pic32mx/4.5.2/../../../../pic32mx/lib\libpic32.a(default-on-bootstrap.o)
 .debug_aranges
                0x00000590       0x20 c:/program files (x86)/microchip/xc32/v1.21/bin/../lib/gcc/pic32mx/4.5.2/../../../../pic32mx/lib\libpic32.a(defaultinterrupt.o)
 .debug_aranges
                0x000005b0       0x20 c:/program files (x86)/microchip/xc32/v1.21/bin/../lib/gcc/pic32mx/4.5.2/../../../../pic32mx/lib\libm.a(w_sqrtf.o)
 .debug_aranges
                0x000005d0       0x30 c:/program files (x86)/microchip/xc32/v1.21/bin/../lib/gcc/pic32mx/4.5.2/../../../../pic32mx/lib\libc.a(malloc.o)
 .debug_aranges
                0x00000600       0x40 c:/program files (x86)/microchip/xc32/v1.21/bin/../lib/gcc/pic32mx/4.5.2/../../../../pic32mx/lib\libpic32.a(sbrk.o)

.debug_pubnames
                0x00000000     0x28ea
 *(.debug_pubnames)
 .debug_pubnames
                0x00000000      0x148 build/C32_PIC32MX460F512L/production/graphics/drivers/ILI9341.o
 .debug_pubnames
                0x00000148       0x8f build/C32_PIC32MX460F512L/production/graphics/Button.o
 .debug_pubnames
                0x000001d7       0x5c build/C32_PIC32MX460F512L/production/graphics/CheckBox.o
 .debug_pubnames
                0x00000233       0x4c build/C32_PIC32MX460F512L/production/graphics/DigitalMeter.o
 .debug_pubnames
                0x0000027f       0x7b build/C32_PIC32MX460F512L/production/graphics/EditBox.o
 .debug_pubnames
                0x000002fa      0x20d build/C32_PIC32MX460F512L/production/graphics/GOL.o
 .debug_pubnames
                0x00000507       0x27 build/C32_PIC32MX460F512L/production/graphics/GOLSchemeDefault.o
 .debug_pubnames
                0x0000052e       0x4b build/C32_PIC32MX460F512L/production/graphics/GroupBox.o
 .debug_pubnames
                0x00000579       0xc4 build/C32_PIC32MX460F512L/production/graphics/ListBox.o
 .debug_pubnames
                0x0000063d       0x76 build/C32_PIC32MX460F512L/production/graphics/Meter.o
 .debug_pubnames
                0x000006b3       0x43 build/C32_PIC32MX460F512L/production/graphics/Picture.o
 .debug_pubnames
                0x000006f6      0x304 build/C32_PIC32MX460F512L/production/graphics/Primitive.o
 .debug_pubnames
                0x000009fa       0x6c build/C32_PIC32MX460F512L/production/graphics/ProgressBar.o
 .debug_pubnames
                0x00000a66       0x8c build/C32_PIC32MX460F512L/production/graphics/RadioButton.o
 .debug_pubnames
                0x00000af2       0x7e build/C32_PIC32MX460F512L/production/graphics/RoundDial.o
 .debug_pubnames
                0x00000b70       0xc8 build/C32_PIC32MX460F512L/production/graphics/Slider.o
 .debug_pubnames
                0x00000c38       0x4b build/C32_PIC32MX460F512L/production/graphics/StaticText.o
 .debug_pubnames
                0x00000c83       0x4f build/C32_PIC32MX460F512L/production/graphics/Window.o
 .debug_pubnames
                0x00000cd2       0x31 build/C32_PIC32MX460F512L/production/exceptions.o
 .debug_pubnames
                0x00000d03       0x1e build/C32_PIC32MX460F512L/production/user.o
 .debug_pubnames
                0x00000d21       0x2c build/C32_PIC32MX460F512L/production/TimeDelay.o
 .debug_pubnames
                0x00000d4d       0x4e build/C32_PIC32MX460F512L/production/CustomControlDemo.o
 .debug_pubnames
                0x00000d9b       0xb9 build/C32_PIC32MX460F512L/production/TouchScreen.o
 .debug_pubnames
                0x00000e54       0x59 build/C32_PIC32MX460F512L/production/drv_spi.o
 .debug_pubnames
                0x00000ead      0x11c build/C32_PIC32MX460F512L/production/rtcc.o
 .debug_pubnames
                0x00000fc9      0xb84 build/C32_PIC32MX460F512L/production/InternalResourceXC32.o
 .debug_pubnames
                0x00001b4d      0x179 build/C32_PIC32MX460F512L/production/TouchScreenResistive.o
 .debug_pubnames
                0x00001cc6      0x730 build/C32_PIC32MX460F512L/production/MainDemo.o
 .debug_pubnames
                0x000023f6      0x101 build/C32_PIC32MX460F512L/production/SST25VF016.o
 .debug_pubnames
                0x000024f7       0x3b c:/program files (x86)/microchip/xc32/v1.21/bin/../lib/gcc/pic32mx/4.5.2/../../../../pic32mx/lib\libmchp_peripheral_32MX460F512L.a(pcache.o)
 .debug_pubnames
                0x00002532       0x2b c:/program files (x86)/microchip/xc32/v1.21/bin/../lib/gcc/pic32mx/4.5.2/../../../../pic32mx/lib\libmchp_peripheral_32MX460F512L.a(int_disable_interrupts_lib.o)
 .debug_pubnames
                0x0000255d       0x2b c:/program files (x86)/microchip/xc32/v1.21/bin/../lib/gcc/pic32mx/4.5.2/../../../../pic32mx/lib\libmchp_peripheral_32MX460F512L.a(int_restore_interrupts_lib.o)
 .debug_pubnames
                0x00002588       0x36 c:/program files (x86)/microchip/xc32/v1.21/bin/../lib/gcc/pic32mx/4.5.2/../../../../pic32mx/lib\libmchp_peripheral_32MX460F512L.a(int_enable_mv_int_lib.o)
 .debug_pubnames
                0x000025be       0x1f c:/program files (x86)/microchip/xc32/v1.21/bin/../lib/gcc/pic32mx/4.5.2/../../../../pic32mx/lib\libmchp_peripheral_32MX460F512L.a(rtcc_init_lib.o)
 .debug_pubnames
                0x000025dd       0x22 c:/program files (x86)/microchip/xc32/v1.21/bin/../lib/gcc/pic32mx/4.5.2/../../../../pic32mx/lib\libmchp_peripheral_32MX460F512L.a(rtcc_set_date_lib.o)
 .debug_pubnames
                0x000025ff       0x22 c:/program files (x86)/microchip/xc32/v1.21/bin/../lib/gcc/pic32mx/4.5.2/../../../../pic32mx/lib\libmchp_peripheral_32MX460F512L.a(rtcc_set_time_lib.o)
 .debug_pubnames
                0x00002621       0x2a c:/program files (x86)/microchip/xc32/v1.21/bin/../lib/gcc/pic32mx/4.5.2/../../../../pic32mx/lib\libmchp_peripheral_32MX460F512L.a(int_enable_interrupts_lib.o)
 .debug_pubnames
                0x0000264b       0xca c:/program files (x86)/microchip/xc32/v1.21/bin/../lib/gcc/pic32mx/4.5.2/../../../../pic32mx/lib\libmchp_peripheral_32MX460F512L.a(int_tbl_lib.o)
 .debug_pubnames
                0x00002715       0x2a c:/program files (x86)/microchip/xc32/v1.21/bin/../lib/gcc/pic32mx/4.5.2/../../../../pic32mx/lib\libmchp_peripheral_32MX460F512L.a(_rtcc_set_time_and_date_lib.o)
 .debug_pubnames
                0x0000273f       0x3e c:/program files (x86)/microchip/xc32/v1.21/bin/../lib/gcc/pic32mx/4.5.2/../../../../pic32mx/lib\libmchp_peripheral_32MX460F512L.a(_rtcc_wait_clock_off_lib.o)
 .debug_pubnames
                0x0000277d       0x24 c:/program files (x86)/microchip/xc32/v1.21/bin/../lib/gcc/pic32mx/4.5.2/../../../../pic32mx/lib\libmchp_peripheral_32MX460F512L.a(read_core_timer_lib.o)
 .debug_pubnames
                0x000027a1       0x33 c:/program files (x86)/microchip/xc32/v1.21/bin/../lib/gcc/pic32mx/4.5.2/../../../../pic32mx/lib\libpic32.a(default-bootstrap-exception-handler.o)
 .debug_pubnames
                0x000027d4       0x20 c:/program files (x86)/microchip/xc32/v1.21/bin/../lib/gcc/pic32mx/4.5.2/../../../../pic32mx/lib\libpic32.a(default-on-reset.o)
 .debug_pubnames
                0x000027f4       0x24 c:/program files (x86)/microchip/xc32/v1.21/bin/../lib/gcc/pic32mx/4.5.2/../../../../pic32mx/lib\libpic32.a(default-on-bootstrap.o)
 .debug_pubnames
                0x00002818       0x28 c:/program files (x86)/microchip/xc32/v1.21/bin/../lib/gcc/pic32mx/4.5.2/../../../../pic32mx/lib\libpic32.a(defaultinterrupt.o)
 .debug_pubnames
                0x00002840       0x1c c:/program files (x86)/microchip/xc32/v1.21/bin/../lib/gcc/pic32mx/4.5.2/../../../../pic32mx/lib\libm.a(w_sqrtf.o)
 .debug_pubnames
                0x0000285c       0x32 c:/program files (x86)/microchip/xc32/v1.21/bin/../lib/gcc/pic32mx/4.5.2/../../../../pic32mx/lib\libc.a(malloc.o)
 .debug_pubnames
                0x0000288e       0x5c c:/program files (x86)/microchip/xc32/v1.21/bin/../lib/gcc/pic32mx/4.5.2/../../../../pic32mx/lib\libpic32.a(sbrk.o)

.debug_info     0x00000000    0x45b0f
 *(.debug_info .gnu.linkonce.wi.*)
 .debug_info    0x00000000     0x28bb build/C32_PIC32MX460F512L/production/graphics/drivers/ILI9341.o
 .debug_info    0x000028bb      0xf3b build/C32_PIC32MX460F512L/production/graphics/AnalogClock.o
 .debug_info    0x000037f6     0x1ff8 build/C32_PIC32MX460F512L/production/graphics/Button.o
 .debug_info    0x000057ee      0xf35 build/C32_PIC32MX460F512L/production/graphics/Chart.o
 .debug_info    0x00006723     0x1cbd build/C32_PIC32MX460F512L/production/graphics/CheckBox.o
 .debug_info    0x000083e0     0x1be8 build/C32_PIC32MX460F512L/production/graphics/DigitalMeter.o
 .debug_info    0x00009fc8     0x1d97 build/C32_PIC32MX460F512L/production/graphics/EditBox.o
 .debug_info    0x0000bd5f     0x1f7e build/C32_PIC32MX460F512L/production/graphics/GOL.o
 .debug_info    0x0000dcdd      0x382 build/C32_PIC32MX460F512L/production/graphics/GOLSchemeDefault.o
 .debug_info    0x0000e05f      0xf34 build/C32_PIC32MX460F512L/production/graphics/Grid.o
 .debug_info    0x0000ef93     0x1bcc build/C32_PIC32MX460F512L/production/graphics/GroupBox.o
 .debug_info    0x00010b5f     0x206c build/C32_PIC32MX460F512L/production/graphics/ListBox.o
 .debug_info    0x00012bcb     0x2616 build/C32_PIC32MX460F512L/production/graphics/Meter.o
 .debug_info    0x000151e1      0xf37 build/C32_PIC32MX460F512L/production/graphics/Palette.o
 .debug_info    0x00016118     0x1a91 build/C32_PIC32MX460F512L/production/graphics/Picture.o
 .debug_info    0x00017ba9     0x3603 build/C32_PIC32MX460F512L/production/graphics/Primitive.o
 .debug_info    0x0001b1ac     0x1c86 build/C32_PIC32MX460F512L/production/graphics/ProgressBar.o
 .debug_info    0x0001ce32     0x22f3 build/C32_PIC32MX460F512L/production/graphics/RadioButton.o
 .debug_info    0x0001f125     0x1e08 build/C32_PIC32MX460F512L/production/graphics/RoundDial.o
 .debug_info    0x00020f2d     0x2589 build/C32_PIC32MX460F512L/production/graphics/Slider.o
 .debug_info    0x000234b6     0x1a87 build/C32_PIC32MX460F512L/production/graphics/StaticText.o
 .debug_info    0x00024f3d        0x0 build/C32_PIC32MX460F512L/production/graphics/Template.o
 .debug_info    0x00024f3d      0xf39 build/C32_PIC32MX460F512L/production/graphics/TextEntry.o
 .debug_info    0x00025e76      0xf3b build/C32_PIC32MX460F512L/production/graphics/Transitions.o
 .debug_info    0x00026db1      0xf40 build/C32_PIC32MX460F512L/production/graphics/Transitions_weak.o
 .debug_info    0x00027cf1     0x1bef build/C32_PIC32MX460F512L/production/graphics/Window.o
 .debug_info    0x000298e0      0xf39 build/C32_PIC32MX460F512L/production/configuration_bits.o
 .debug_info    0x0002a819     0x106d build/C32_PIC32MX460F512L/production/exceptions.o
 .debug_info    0x0002b886      0xf31 build/C32_PIC32MX460F512L/production/interrupts.o
 .debug_info    0x0002c7b7      0xf2d build/C32_PIC32MX460F512L/production/system.o
 .debug_info    0x0002d6e4      0xf42 build/C32_PIC32MX460F512L/production/user.o
 .debug_info    0x0002e626     0x100a build/C32_PIC32MX460F512L/production/TimeDelay.o
 .debug_info    0x0002f630      0xf2b build/C32_PIC32MX460F512L/production/Beep.o
 .debug_info    0x0003055b     0x1b9e build/C32_PIC32MX460F512L/production/CustomControlDemo.o
 .debug_info    0x000320f9     0x16ea build/C32_PIC32MX460F512L/production/TouchScreen.o
 .debug_info    0x000337e3     0x13f5 build/C32_PIC32MX460F512L/production/drv_spi.o
 .debug_info    0x00034bd8     0x157c build/C32_PIC32MX460F512L/production/rtcc.o
 .debug_info    0x00036154     0x2bec build/C32_PIC32MX460F512L/production/InternalResourceXC32.o
 .debug_info    0x00038d40      0xf2b build/C32_PIC32MX460F512L/production/cpld.o
 .debug_info    0x00039c6b     0x1fe2 build/C32_PIC32MX460F512L/production/TouchScreenResistive.o
 .debug_info    0x0003bc4d     0x753c build/C32_PIC32MX460F512L/production/MainDemo.o
 .debug_info    0x00043189     0x195c build/C32_PIC32MX460F512L/production/SST25VF016.o
 .debug_info    0x00044ae5       0xbf c:/program files (x86)/microchip/xc32/v1.21/bin/../lib/gcc/pic32mx/4.5.2/../../../../pic32mx/lib\libmchp_peripheral_32MX460F512L.a(pcache.o)
 .debug_info    0x00044ba4       0xb6 c:/program files (x86)/microchip/xc32/v1.21/bin/../lib/gcc/pic32mx/4.5.2/../../../../pic32mx/lib\libmchp_peripheral_32MX460F512L.a(int_disable_interrupts_lib.o)
 .debug_info    0x00044c5a       0xb6 c:/program files (x86)/microchip/xc32/v1.21/bin/../lib/gcc/pic32mx/4.5.2/../../../../pic32mx/lib\libmchp_peripheral_32MX460F512L.a(int_restore_interrupts_lib.o)
 .debug_info    0x00044d10       0xbc c:/program files (x86)/microchip/xc32/v1.21/bin/../lib/gcc/pic32mx/4.5.2/../../../../pic32mx/lib\libmchp_peripheral_32MX460F512L.a(int_enable_mv_int_lib.o)
 .debug_info    0x00044dcc      0x10c c:/program files (x86)/microchip/xc32/v1.21/bin/../lib/gcc/pic32mx/4.5.2/../../../../pic32mx/lib\libmchp_peripheral_32MX460F512L.a(rtcc_init_lib.o)
 .debug_info    0x00044ed8       0xa5 c:/program files (x86)/microchip/xc32/v1.21/bin/../lib/gcc/pic32mx/4.5.2/../../../../pic32mx/lib\libmchp_peripheral_32MX460F512L.a(rtcc_set_date_lib.o)
 .debug_info    0x00044f7d       0xa5 c:/program files (x86)/microchip/xc32/v1.21/bin/../lib/gcc/pic32mx/4.5.2/../../../../pic32mx/lib\libmchp_peripheral_32MX460F512L.a(rtcc_set_time_lib.o)
 .debug_info    0x00045022       0xb4 c:/program files (x86)/microchip/xc32/v1.21/bin/../lib/gcc/pic32mx/4.5.2/../../../../pic32mx/lib\libmchp_peripheral_32MX460F512L.a(int_enable_interrupts_lib.o)
 .debug_info    0x000450d6      0x196 c:/program files (x86)/microchip/xc32/v1.21/bin/../lib/gcc/pic32mx/4.5.2/../../../../pic32mx/lib\libmchp_peripheral_32MX460F512L.a(int_tbl_lib.o)
 .debug_info    0x0004526c      0x10f c:/program files (x86)/microchip/xc32/v1.21/bin/../lib/gcc/pic32mx/4.5.2/../../../../pic32mx/lib\libmchp_peripheral_32MX460F512L.a(_rtcc_set_time_and_date_lib.o)
 .debug_info    0x0004537b       0xe7 c:/program files (x86)/microchip/xc32/v1.21/bin/../lib/gcc/pic32mx/4.5.2/../../../../pic32mx/lib\libmchp_peripheral_32MX460F512L.a(_rtcc_wait_clock_off_lib.o)
 .debug_info    0x00045462       0xaa c:/program files (x86)/microchip/xc32/v1.21/bin/../lib/gcc/pic32mx/4.5.2/../../../../pic32mx/lib\libmchp_peripheral_32MX460F512L.a(read_core_timer_lib.o)
 .debug_info    0x0004550c       0xe8 c:/program files (x86)/microchip/xc32/v1.21/bin/../lib/gcc/pic32mx/4.5.2/../../../../pic32mx/lib\libpic32.a(default-bootstrap-exception-handler.o)
 .debug_info    0x000455f4       0xc2 c:/program files (x86)/microchip/xc32/v1.21/bin/../lib/gcc/pic32mx/4.5.2/../../../../pic32mx/lib\libpic32.a(default-on-reset.o)
 .debug_info    0x000456b6       0xca c:/program files (x86)/microchip/xc32/v1.21/bin/../lib/gcc/pic32mx/4.5.2/../../../../pic32mx/lib\libpic32.a(default-on-bootstrap.o)
 .debug_info    0x00045780       0xdc c:/program files (x86)/microchip/xc32/v1.21/bin/../lib/gcc/pic32mx/4.5.2/../../../../pic32mx/lib\libpic32.a(defaultinterrupt.o)
 .debug_info    0x0004585c       0xb2 c:/program files (x86)/microchip/xc32/v1.21/bin/../lib/gcc/pic32mx/4.5.2/../../../../pic32mx/lib\libm.a(w_sqrtf.o)
 .debug_info    0x0004590e        0x0 c:/program files (x86)/microchip/xc32/v1.21/bin/../lib/gcc/pic32mx/4.5.2/../../../../pic32mx/lib\libm.a(s_lib_ver.o)
 .debug_info    0x0004590e        0x0 c:/program files (x86)/microchip/xc32/v1.21/bin/../lib/gcc/pic32mx/4.5.2/../../../../pic32mx/lib\libpic32.a(errno.o)
 .debug_info    0x0004590e       0xe6 c:/program files (x86)/microchip/xc32/v1.21/bin/../lib/gcc/pic32mx/4.5.2/../../../../pic32mx/lib\libc.a(malloc.o)
 .debug_info    0x000459f4      0x11b c:/program files (x86)/microchip/xc32/v1.21/bin/../lib/gcc/pic32mx/4.5.2/../../../../pic32mx/lib\libpic32.a(sbrk.o)

.debug_abbrev   0x00000000     0x5621
 *(.debug_abbrev)
 .debug_abbrev  0x00000000      0x319 build/C32_PIC32MX460F512L/production/graphics/drivers/ILI9341.o
 .debug_abbrev  0x00000319      0x166 build/C32_PIC32MX460F512L/production/graphics/AnalogClock.o
 .debug_abbrev  0x0000047f      0x321 build/C32_PIC32MX460F512L/production/graphics/Button.o
 .debug_abbrev  0x000007a0      0x166 build/C32_PIC32MX460F512L/production/graphics/Chart.o
 .debug_abbrev  0x00000906      0x1fb build/C32_PIC32MX460F512L/production/graphics/CheckBox.o
 .debug_abbrev  0x00000b01      0x237 build/C32_PIC32MX460F512L/production/graphics/DigitalMeter.o
 .debug_abbrev  0x00000d38      0x23f build/C32_PIC32MX460F512L/production/graphics/EditBox.o
 .debug_abbrev  0x00000f77      0x313 build/C32_PIC32MX460F512L/production/graphics/GOL.o
 .debug_abbrev  0x0000128a       0xc0 build/C32_PIC32MX460F512L/production/graphics/GOLSchemeDefault.o
 .debug_abbrev  0x0000134a      0x166 build/C32_PIC32MX460F512L/production/graphics/Grid.o
 .debug_abbrev  0x000014b0      0x1fb build/C32_PIC32MX460F512L/production/graphics/GroupBox.o
 .debug_abbrev  0x000016ab      0x2a1 build/C32_PIC32MX460F512L/production/graphics/ListBox.o
 .debug_abbrev  0x0000194c      0x2c6 build/C32_PIC32MX460F512L/production/graphics/Meter.o
 .debug_abbrev  0x00001c12      0x166 build/C32_PIC32MX460F512L/production/graphics/Palette.o
 .debug_abbrev  0x00001d78      0x1e4 build/C32_PIC32MX460F512L/production/graphics/Picture.o
 .debug_abbrev  0x00001f5c      0x2aa build/C32_PIC32MX460F512L/production/graphics/Primitive.o
 .debug_abbrev  0x00002206      0x204 build/C32_PIC32MX460F512L/production/graphics/ProgressBar.o
 .debug_abbrev  0x0000240a      0x275 build/C32_PIC32MX460F512L/production/graphics/RadioButton.o
 .debug_abbrev  0x0000267f      0x259 build/C32_PIC32MX460F512L/production/graphics/RoundDial.o
 .debug_abbrev  0x000028d8      0x2af build/C32_PIC32MX460F512L/production/graphics/Slider.o
 .debug_abbrev  0x00002b87      0x1fb build/C32_PIC32MX460F512L/production/graphics/StaticText.o
 .debug_abbrev  0x00002d82        0x1 build/C32_PIC32MX460F512L/production/graphics/Template.o
 .debug_abbrev  0x00002d83      0x166 build/C32_PIC32MX460F512L/production/graphics/TextEntry.o
 .debug_abbrev  0x00002ee9      0x166 build/C32_PIC32MX460F512L/production/graphics/Transitions.o
 .debug_abbrev  0x0000304f      0x166 build/C32_PIC32MX460F512L/production/graphics/Transitions_weak.o
 .debug_abbrev  0x000031b5      0x1fb build/C32_PIC32MX460F512L/production/graphics/Window.o
 .debug_abbrev  0x000033b0      0x166 build/C32_PIC32MX460F512L/production/configuration_bits.o
 .debug_abbrev  0x00003516      0x1a2 build/C32_PIC32MX460F512L/production/exceptions.o
 .debug_abbrev  0x000036b8      0x166 build/C32_PIC32MX460F512L/production/interrupts.o
 .debug_abbrev  0x0000381e      0x166 build/C32_PIC32MX460F512L/production/system.o
 .debug_abbrev  0x00003984      0x17b build/C32_PIC32MX460F512L/production/user.o
 .debug_abbrev  0x00003aff      0x19b build/C32_PIC32MX460F512L/production/TimeDelay.o
 .debug_abbrev  0x00003c9a      0x166 build/C32_PIC32MX460F512L/production/Beep.o
 .debug_abbrev  0x00003e00      0x237 build/C32_PIC32MX460F512L/production/CustomControlDemo.o
 .debug_abbrev  0x00004037      0x242 build/C32_PIC32MX460F512L/production/TouchScreen.o
 .debug_abbrev  0x00004279      0x21a build/C32_PIC32MX460F512L/production/drv_spi.o
 .debug_abbrev  0x00004493      0x285 build/C32_PIC32MX460F512L/production/rtcc.o
 .debug_abbrev  0x00004718      0x1dd build/C32_PIC32MX460F512L/production/InternalResourceXC32.o
 .debug_abbrev  0x000048f5      0x166 build/C32_PIC32MX460F512L/production/cpld.o
 .debug_abbrev  0x00004a5b      0x263 build/C32_PIC32MX460F512L/production/TouchScreenResistive.o
 .debug_abbrev  0x00004cbe      0x3c3 build/C32_PIC32MX460F512L/production/MainDemo.o
 .debug_abbrev  0x00005081      0x269 build/C32_PIC32MX460F512L/production/SST25VF016.o
 .debug_abbrev  0x000052ea       0x25 c:/program files (x86)/microchip/xc32/v1.21/bin/../lib/gcc/pic32mx/4.5.2/../../../../pic32mx/lib\libmchp_peripheral_32MX460F512L.a(pcache.o)
 .debug_abbrev  0x0000530f       0x25 c:/program files (x86)/microchip/xc32/v1.21/bin/../lib/gcc/pic32mx/4.5.2/../../../../pic32mx/lib\libmchp_peripheral_32MX460F512L.a(int_disable_interrupts_lib.o)
 .debug_abbrev  0x00005334       0x25 c:/program files (x86)/microchip/xc32/v1.21/bin/../lib/gcc/pic32mx/4.5.2/../../../../pic32mx/lib\libmchp_peripheral_32MX460F512L.a(int_restore_interrupts_lib.o)
 .debug_abbrev  0x00005359       0x25 c:/program files (x86)/microchip/xc32/v1.21/bin/../lib/gcc/pic32mx/4.5.2/../../../../pic32mx/lib\libmchp_peripheral_32MX460F512L.a(int_enable_mv_int_lib.o)
 .debug_abbrev  0x0000537e       0x41 c:/program files (x86)/microchip/xc32/v1.21/bin/../lib/gcc/pic32mx/4.5.2/../../../../pic32mx/lib\libmchp_peripheral_32MX460F512L.a(rtcc_init_lib.o)
 .debug_abbrev  0x000053bf       0x25 c:/program files (x86)/microchip/xc32/v1.21/bin/../lib/gcc/pic32mx/4.5.2/../../../../pic32mx/lib\libmchp_peripheral_32MX460F512L.a(rtcc_set_date_lib.o)
 .debug_abbrev  0x000053e4       0x25 c:/program files (x86)/microchip/xc32/v1.21/bin/../lib/gcc/pic32mx/4.5.2/../../../../pic32mx/lib\libmchp_peripheral_32MX460F512L.a(rtcc_set_time_lib.o)
 .debug_abbrev  0x00005409       0x25 c:/program files (x86)/microchip/xc32/v1.21/bin/../lib/gcc/pic32mx/4.5.2/../../../../pic32mx/lib\libmchp_peripheral_32MX460F512L.a(int_enable_interrupts_lib.o)
 .debug_abbrev  0x0000542e       0x25 c:/program files (x86)/microchip/xc32/v1.21/bin/../lib/gcc/pic32mx/4.5.2/../../../../pic32mx/lib\libmchp_peripheral_32MX460F512L.a(int_tbl_lib.o)
 .debug_abbrev  0x00005453       0x41 c:/program files (x86)/microchip/xc32/v1.21/bin/../lib/gcc/pic32mx/4.5.2/../../../../pic32mx/lib\libmchp_peripheral_32MX460F512L.a(_rtcc_set_time_and_date_lib.o)
 .debug_abbrev  0x00005494       0x34 c:/program files (x86)/microchip/xc32/v1.21/bin/../lib/gcc/pic32mx/4.5.2/../../../../pic32mx/lib\libmchp_peripheral_32MX460F512L.a(_rtcc_wait_clock_off_lib.o)